10:33:07 **** Incremental Build of configuration Debug for project scorebd ****
make all 
Building file: ../src/kbDecode.c
Invoking: MicroBlaze gcc compiler
mb-gcc -Wall -O0 -g3 -c -fmessage-length=0 -I../../standalone_bsp_1/microblaze_0/include -mxl-barrel-shift -mxl-pattern-compare -mcpu=v8.50.c -mno-xl-soft-mul -Wl,--no-relax -ffunction-sections -fdata-sections -MMD -MP -MF"src/kbDecode.d" -MT"src/kbDecode.d" -o "src/kbDecode.o" "../src/kbDecode.c"
In file included from ../src/kbDecode.c:8:0:
../src/kbDecode.h:13:20: fatal error: xil_io.h: No such file or directory
compilation terminated.
make: *** [src/kbDecode.o] ´íÎó 1
10:33:09 **** Incremental Build of project standalone_bsp_0 ****
make -k all 
Finished building libraries
10:33:16 **** Incremental Build of configuration Debug for project scorebd ****
make all 
Building file: ../src/kbDecode.c
Invoking: MicroBlaze gcc compiler
mb-gcc -Wall -O0 -g3 -c -fmessage-length=0 -I../../standalone_bsp_1/microblaze_0/include -mxl-barrel-shift -mxl-pattern-compare -mcpu=v8.50.c -mno-xl-soft-mul -Wl,--no-relax -ffunction-sections -fdata-sections -MMD -MP -MF"src/kbDecode.d" -MT"src/kbDecode.d" -o "src/kbDecode.o" "../src/kbDecode.c"
In file included from ../src/kbDecode.c:8:0:
../src/kbDecode.h:13:20: fatal error: xil_io.h: No such file or directory
compilation terminated.
make: *** [src/kbDecode.o] ´íÎó 1
10:33:19 **** Incremental Build of project standalone_bsp_0 ****
make -k all 
Finished building libraries
10:33:23 **** Incremental Build of configuration Debug for project scorebd ****
make all 
Building file: ../src/kbDecode.c
Invoking: MicroBlaze gcc compiler
mb-gcc -Wall -O0 -g3 -c -fmessage-length=0 -I../../standalone_bsp_1/microblaze_0/include -mxl-barrel-shift -mxl-pattern-compare -mcpu=v8.50.c -mno-xl-soft-mul -Wl,--no-relax -ffunction-sections -fdata-sections -MMD -MP -MF"src/kbDecode.d" -MT"src/kbDecode.d" -o "src/kbDecode.o" "../src/kbDecode.c"
In file included from ../src/kbDecode.c:8:0:
../src/kbDecode.h:13:20: fatal error: xil_io.h: No such file or directory
compilation terminated.
make: *** [src/kbDecode.o] ´íÎó 1
10:33:25 **** Incremental Build of project standalone_bsp_0 ****
make -k all 
Finished building libraries
10:34:04 **** Clean-only build of configuration Debug for project scorebd ****
make clean 
rm -rf  ./src/kbDecode.o ./src/main.o  ./src/kbDecode.d ./src/main.d  scorebd.elf.size  scorebd.elf.elfcheck  scorebd.elf
 
10:34:04 **** Auto Build of configuration Debug for project scorebd ****
make all 
Building file: ../src/kbDecode.c
Invoking: MicroBlaze gcc compiler
mb-gcc -Wall -O0 -g3 -c -fmessage-length=0 -I../../standalone_bsp_0/microblaze_0/include -mxl-barrel-shift -mxl-pattern-compare -mcpu=v8.50.c -mno-xl-soft-mul -Wl,--no-relax -ffunction-sections -fdata-sections -MMD -MP -MF"src/kbDecode.d" -MT"src/kbDecode.d" -o "src/kbDecode.o" "../src/kbDecode.c"
Finished building: ../src/kbDecode.c
 
Building file: ../src/main.c
Invoking: MicroBlaze gcc compiler
mb-gcc -Wall -O0 -g3 -c -fmessage-length=0 -I../../standalone_bsp_0/microblaze_0/include -mxl-barrel-shift -mxl-pattern-compare -mcpu=v8.50.c -mno-xl-soft-mul -Wl,--no-relax -ffunction-sections -fdata-sections -MMD -MP -MF"src/main.d" -MT"src/main.d" -o "src/main.o" "../src/main.c"
Finished building: ../src/main.c
 
Building target: scorebd.elf
Invoking: MicroBlaze gcc linker
mb-gcc -Wl,-T -Wl,../src/lscript.ld -L../../standalone_bsp_0/microblaze_0/lib -mxl-barrel-shift -mxl-pattern-compare -mcpu=v8.50.c -mno-xl-soft-mul -Wl,--no-relax -Wl,--gc-sections -o "scorebd.elf"  ./src/kbDecode.o ./src/main.o   -Wl,--start-group,-lxil,-lgcc,-lc,--end-group
Finished building target: scorebd.elf
 
Invoking: MicroBlaze Print Size
mb-size scorebd.elf  |tee "scorebd.elf.size"
   text	   data	    bss	    dec	    hex	filename
  21824	   1604	   2452	  25880	   6518	scorebd.elf
Finished building: scorebd.elf.size
 
Invoking: Xilinx ELF Check
elfcheck scorebd.elf -hw ../../scoreboard_hw_platform/system.xml -pe microblaze_0  |tee "scorebd.elf.elfcheck"
elfcheck
Xilinx EDK 14.7 Build EDK_P.20131013
Copyright (c) 1995-2012 Xilinx, Inc.  All rights reserved.

Command Line: elfcheck -hw ../../scoreboard_hw_platform/system.xml -pe
microblaze_0 scorebd.elf 

ELF file	: scorebd.elf
elfcheck passed.
Finished building: scorebd.elf.elfcheck
 
10:34:11 **** Auto Build of project standalone_bsp_0 ****
make -k all 
Finished building libraries
10:34:22 **** Auto Build of configuration Debug for project scorebd ****
make all 
Building file: ../src/main.c
Invoking: MicroBlaze gcc compiler
mb-gcc -Wall -O0 -g3 -c -fmessage-length=0 -I../../standalone_bsp_0/microblaze_0/include -mxl-barrel-shift -mxl-pattern-compare -mcpu=v8.50.c -mno-xl-soft-mul -Wl,--no-relax -ffunction-sections -fdata-sections -MMD -MP -MF"src/main.d" -MT"src/main.d" -o "src/main.o" "../src/main.c"
Finished building: ../src/main.c
 
Building target: scorebd.elf
Invoking: MicroBlaze gcc linker
mb-gcc -Wl,-T -Wl,../src/lscript.ld -L../../standalone_bsp_0/microblaze_0/lib -mxl-barrel-shift -mxl-pattern-compare -mcpu=v8.50.c -mno-xl-soft-mul -Wl,--no-relax -Wl,--gc-sections -o "scorebd.elf"  ./src/kbDecode.o ./src/main.o   -Wl,--start-group,-lxil,-lgcc,-lc,--end-group
Finished building target: scorebd.elf
 
Invoking: MicroBlaze Print Size
mb-size scorebd.elf  |tee "scorebd.elf.size"
   text	   data	    bss	    dec	    hex	filename
  21824	   1604	   2452	  25880	   6518	scorebd.elf
Finished building: scorebd.elf.size
 
Invoking: Xilinx ELF Check
elfcheck scorebd.elf -hw ../../scoreboard_hw_platform/system.xml -pe microblaze_0  |tee "scorebd.elf.elfcheck"
elfcheck
Xilinx EDK 14.7 Build EDK_P.20131013
Copyright (c) 1995-2012 Xilinx, Inc.  All rights reserved.

Command Line: elfcheck -hw ../../scoreboard_hw_platform/system.xml -pe
microblaze_0 scorebd.elf 

ELF file	: scorebd.elf
elfcheck passed.
Finished building: scorebd.elf.elfcheck
 
10:34:29 **** Auto Build of project standalone_bsp_0 ****
make -k all 
Finished building libraries
10:34:55 **** Auto Build of configuration Debug for project scorebd ****
make all 
Building file: ../src/main.c
Invoking: MicroBlaze gcc compiler
mb-gcc -Wall -O0 -g3 -c -fmessage-length=0 -I../../standalone_bsp_0/microblaze_0/include -mxl-barrel-shift -mxl-pattern-compare -mcpu=v8.50.c -mno-xl-soft-mul -Wl,--no-relax -ffunction-sections -fdata-sections -MMD -MP -MF"src/main.d" -MT"src/main.d" -o "src/main.o" "../src/main.c"
Finished building: ../src/main.c
 
Building target: scorebd.elf
Invoking: MicroBlaze gcc linker
mb-gcc -Wl,-T -Wl,../src/lscript.ld -L../../standalone_bsp_0/microblaze_0/lib -mxl-barrel-shift -mxl-pattern-compare -mcpu=v8.50.c -mno-xl-soft-mul -Wl,--no-relax -Wl,--gc-sections -o "scorebd.elf"  ./src/kbDecode.o ./src/main.o   -Wl,--start-group,-lxil,-lgcc,-lc,--end-group
Finished building target: scorebd.elf
 
Invoking: MicroBlaze Print Size
mb-size scorebd.elf  |tee "scorebd.elf.size"
   text	   data	    bss	    dec	    hex	filename
  21824	   1604	   2452	  25880	   6518	scorebd.elf
Finished building: scorebd.elf.size
 
Invoking: Xilinx ELF Check
elfcheck scorebd.elf -hw ../../scoreboard_hw_platform/system.xml -pe microblaze_0  |tee "scorebd.elf.elfcheck"
elfcheck
Xilinx EDK 14.7 Build EDK_P.20131013
Copyright (c) 1995-2012 Xilinx, Inc.  All rights reserved.

Command Line: elfcheck -hw ../../scoreboard_hw_platform/system.xml -pe
microblaze_0 scorebd.elf 

ELF file	: scorebd.elf
elfcheck passed.
Finished building: scorebd.elf.elfcheck
 
10:35:01 **** Auto Build of project standalone_bsp_0 ****
make -k all 
Finished building libraries
15:16:11 **** Clean-only build of configuration Debug for project scorebd ****
make clean 
rm -rf  ./src/kbDecode.o ./src/main.o  ./src/kbDecode.d ./src/main.d  scorebd.elf.size  scorebd.elf.elfcheck  scorebd.elf
 
15:16:13 **** Build of configuration Debug for project scorebd ****
make all 
Building file: ../src/kbDecode.c
Invoking: MicroBlaze gcc compiler
mb-gcc -Wall -O0 -g3 -c -fmessage-length=0 -I../../standalone_bsp_0/microblaze_0/include -mxl-barrel-shift -mxl-pattern-compare -mcpu=v8.50.c -mno-xl-soft-mul -Wl,--no-relax -ffunction-sections -fdata-sections -MMD -MP -MF"src/kbDecode.d" -MT"src/kbDecode.d" -o "src/kbDecode.o" "../src/kbDecode.c"
Finished building: ../src/kbDecode.c
 
Building file: ../src/main.c
Invoking: MicroBlaze gcc compiler
mb-gcc -Wall -O0 -g3 -c -fmessage-length=0 -I../../standalone_bsp_0/microblaze_0/include -mxl-barrel-shift -mxl-pattern-compare -mcpu=v8.50.c -mno-xl-soft-mul -Wl,--no-relax -ffunction-sections -fdata-sections -MMD -MP -MF"src/main.d" -MT"src/main.d" -o "src/main.o" "../src/main.c"
Finished building: ../src/main.c
 
Building target: scorebd.elf
Invoking: MicroBlaze gcc linker
mb-gcc -Wl,-T -Wl,../src/lscript.ld -L../../standalone_bsp_0/microblaze_0/lib -mxl-barrel-shift -mxl-pattern-compare -mcpu=v8.50.c -mno-xl-soft-mul -Wl,--no-relax -Wl,--gc-sections -o "scorebd.elf"  ./src/kbDecode.o ./src/main.o   -Wl,--start-group,-lxil,-lgcc,-lc,--end-group
Finished building target: scorebd.elf
 
Invoking: MicroBlaze Print Size
mb-size scorebd.elf  |tee "scorebd.elf.size"
   text	   data	    bss	    dec	    hex	filename
  21824	   1604	   2452	  25880	   6518	scorebd.elf
Finished building: scorebd.elf.size
 
Invoking: Xilinx ELF Check
elfcheck scorebd.elf -hw ../../scoreboard_hw_platform/system.xml -pe microblaze_0  |tee "scorebd.elf.elfcheck"
elfcheck
Xilinx EDK 14.7 Build EDK_P.20131013
Copyright (c) 1995-2012 Xilinx, Inc.  All rights reserved.

Command Line: elfcheck -hw ../../scoreboard_hw_platform/system.xml -pe
microblaze_0 scorebd.elf 

ELF file	: scorebd.elf
elfcheck passed.
Finished building: scorebd.elf.elfcheck
 
15:16:21 **** Build of project standalone_bsp_0 ****
make -k all 
Finished building libraries
16:39:48 **** Auto Build of configuration Debug for project scorebd ****
make all 
Building file: ../src/main.c
Invoking: MicroBlaze gcc compiler
mb-gcc -Wall -O0 -g3 -c -fmessage-length=0 -I../../standalone_bsp_0/microblaze_0/include -mxl-barrel-shift -mxl-pattern-compare -mcpu=v8.50.c -mno-xl-soft-mul -Wl,--no-relax -ffunction-sections -fdata-sections -MMD -MP -MF"src/main.d" -MT"src/main.d" -o "src/main.o" "../src/main.c"
Finished building: ../src/main.c
 
Building target: scorebd.elf
Invoking: MicroBlaze gcc linker
mb-gcc -Wl,-T -Wl,../src/lscript.ld -L../../standalone_bsp_0/microblaze_0/lib -mxl-barrel-shift -mxl-pattern-compare -mcpu=v8.50.c -mno-xl-soft-mul -Wl,--no-relax -Wl,--gc-sections -o "scorebd.elf"  ./src/kbDecode.o ./src/main.o   -Wl,--start-group,-lxil,-lgcc,-lc,--end-group
Finished building target: scorebd.elf
 
Invoking: MicroBlaze Print Size
mb-size scorebd.elf  |tee "scorebd.elf.size"
   text	   data	    bss	    dec	    hex	filename
  21884	   1604	   2456	  25944	   6558	scorebd.elf
Finished building: scorebd.elf.size
 
Invoking: Xilinx ELF Check
elfcheck scorebd.elf -hw ../../scoreboard_hw_platform/system.xml -pe microblaze_0  |tee "scorebd.elf.elfcheck"
elfcheck
Xilinx EDK 14.7 Build EDK_P.20131013
Copyright (c) 1995-2012 Xilinx, Inc.  All rights reserved.

Command Line: elfcheck -hw ../../scoreboard_hw_platform/system.xml -pe
microblaze_0 scorebd.elf 

ELF file	: scorebd.elf
elfcheck passed.
Finished building: scorebd.elf.elfcheck
 
16:39:55 **** Auto Build of project standalone_bsp_0 ****
make -k all 
Finished building libraries
17:17:41 **** Auto Build of configuration Debug for project scorebd ****
make all 
Building file: ../src/main.c
Invoking: MicroBlaze gcc compiler
mb-gcc -Wall -O0 -g3 -c -fmessage-length=0 -I../../standalone_bsp_0/microblaze_0/include -mxl-barrel-shift -mxl-pattern-compare -mcpu=v8.50.c -mno-xl-soft-mul -Wl,--no-relax -ffunction-sections -fdata-sections -MMD -MP -MF"src/main.d" -MT"src/main.d" -o "src/main.o" "../src/main.c"
Finished building: ../src/main.c
 
Building target: scorebd.elf
Invoking: MicroBlaze gcc linker
mb-gcc -Wl,-T -Wl,../src/lscript.ld -L../../standalone_bsp_0/microblaze_0/lib -mxl-barrel-shift -mxl-pattern-compare -mcpu=v8.50.c -mno-xl-soft-mul -Wl,--no-relax -Wl,--gc-sections -o "scorebd.elf"  ./src/kbDecode.o ./src/main.o   -Wl,--start-group,-lxil,-lgcc,-lc,--end-group
Finished building target: scorebd.elf
 
Invoking: MicroBlaze Print Size
mb-size scorebd.elf  |tee "scorebd.elf.size"
   text	   data	    bss	    dec	    hex	filename
  21952	   1604	   2452	  26008	   6598	scorebd.elf
Finished building: scorebd.elf.size
 
Invoking: Xilinx ELF Check
elfcheck scorebd.elf -hw ../../scoreboard_hw_platform/system.xml -pe microblaze_0  |tee "scorebd.elf.elfcheck"
elfcheck
Xilinx EDK 14.7 Build EDK_P.20131013
Copyright (c) 1995-2012 Xilinx, Inc.  All rights reserved.

Command Line: elfcheck -hw ../../scoreboard_hw_platform/system.xml -pe
microblaze_0 scorebd.elf 

ELF file	: scorebd.elf
elfcheck passed.
Finished building: scorebd.elf.elfcheck
 
17:17:49 **** Auto Build of project standalone_bsp_0 ****
make -k all 
Finished building libraries
17:21:01 **** Auto Build of configuration Debug for project scorebd ****
make all 
Building file: ../src/main.c
Invoking: MicroBlaze gcc compiler
mb-gcc -Wall -O0 -g3 -c -fmessage-length=0 -I../../standalone_bsp_0/microblaze_0/include -mxl-barrel-shift -mxl-pattern-compare -mcpu=v8.50.c -mno-xl-soft-mul -Wl,--no-relax -ffunction-sections -fdata-sections -MMD -MP -MF"src/main.d" -MT"src/main.d" -o "src/main.o" "../src/main.c"
Finished building: ../src/main.c
 
Building target: scorebd.elf
Invoking: MicroBlaze gcc linker
mb-gcc -Wl,-T -Wl,../src/lscript.ld -L../../standalone_bsp_0/microblaze_0/lib -mxl-barrel-shift -mxl-pattern-compare -mcpu=v8.50.c -mno-xl-soft-mul -Wl,--no-relax -Wl,--gc-sections -o "scorebd.elf"  ./src/kbDecode.o ./src/main.o   -Wl,--start-group,-lxil,-lgcc,-lc,--end-group
Finished building target: scorebd.elf
 
Invoking: MicroBlaze Print Size
mb-size scorebd.elf  |tee "scorebd.elf.size"
   text	   data	    bss	    dec	    hex	filename
  21572	   1580	   2456	  25608	   6408	scorebd.elf
Finished building: scorebd.elf.size
 
Invoking: Xilinx ELF Check
elfcheck scorebd.elf -hw ../../scoreboard_hw_platform/system.xml -pe microblaze_0  |tee "scorebd.elf.elfcheck"
elfcheck
Xilinx EDK 14.7 Build EDK_P.20131013
Copyright (c) 1995-2012 Xilinx, Inc.  All rights reserved.

Command Line: elfcheck -hw ../../scoreboard_hw_platform/system.xml -pe
microblaze_0 scorebd.elf 

ELF file	: scorebd.elf
elfcheck passed.
Finished building: scorebd.elf.elfcheck
 
17:21:08 **** Auto Build of project standalone_bsp_0 ****
make -k all 
Finished building libraries
17:28:56 **** Auto Build of configuration Debug for project scorebd ****
make all 
Building file: ../src/main.c
Invoking: MicroBlaze gcc compiler
mb-gcc -Wall -O0 -g3 -c -fmessage-length=0 -I../../standalone_bsp_0/microblaze_0/include -mxl-barrel-shift -mxl-pattern-compare -mcpu=v8.50.c -mno-xl-soft-mul -Wl,--no-relax -ffunction-sections -fdata-sections -MMD -MP -MF"src/main.d" -MT"src/main.d" -o "src/main.o" "../src/main.c"
Finished building: ../src/main.c
 
Building target: scorebd.elf
Invoking: MicroBlaze gcc linker
mb-gcc -Wl,-T -Wl,../src/lscript.ld -L../../standalone_bsp_0/microblaze_0/lib -mxl-barrel-shift -mxl-pattern-compare -mcpu=v8.50.c -mno-xl-soft-mul -Wl,--no-relax -Wl,--gc-sections -o "scorebd.elf"  ./src/kbDecode.o ./src/main.o   -Wl,--start-group,-lxil,-lgcc,-lc,--end-group
Finished building target: scorebd.elf
 
Invoking: MicroBlaze Print Size
mb-size scorebd.elf  |tee "scorebd.elf.size"
   text	   data	    bss	    dec	    hex	filename
  22024	   1580	   2460	  26064	   65d0	scorebd.elf
Finished building: scorebd.elf.size
 
Invoking: Xilinx ELF Check
elfcheck scorebd.elf -hw ../../scoreboard_hw_platform/system.xml -pe microblaze_0  |tee "scorebd.elf.elfcheck"
elfcheck
Xilinx EDK 14.7 Build EDK_P.20131013
Copyright (c) 1995-2012 Xilinx, Inc.  All rights reserved.

Command Line: elfcheck -hw ../../scoreboard_hw_platform/system.xml -pe
microblaze_0 scorebd.elf 

ELF file	: scorebd.elf
elfcheck passed.
Finished building: scorebd.elf.elfcheck
 
17:29:02 **** Auto Build of project standalone_bsp_0 ****
make -k all 
Finished building libraries
17:31:52 **** Auto Build of configuration Debug for project scorebd ****
make all 
Building file: ../src/main.c
Invoking: MicroBlaze gcc compiler
mb-gcc -Wall -O0 -g3 -c -fmessage-length=0 -I../../standalone_bsp_0/microblaze_0/include -mxl-barrel-shift -mxl-pattern-compare -mcpu=v8.50.c -mno-xl-soft-mul -Wl,--no-relax -ffunction-sections -fdata-sections -MMD -MP -MF"src/main.d" -MT"src/main.d" -o "src/main.o" "../src/main.c"
Finished building: ../src/main.c
 
Building target: scorebd.elf
Invoking: MicroBlaze gcc linker
mb-gcc -Wl,-T -Wl,../src/lscript.ld -L../../standalone_bsp_0/microblaze_0/lib -mxl-barrel-shift -mxl-pattern-compare -mcpu=v8.50.c -mno-xl-soft-mul -Wl,--no-relax -Wl,--gc-sections -o "scorebd.elf"  ./src/kbDecode.o ./src/main.o   -Wl,--start-group,-lxil,-lgcc,-lc,--end-group
Finished building target: scorebd.elf
 
Invoking: MicroBlaze Print Size
mb-size scorebd.elf  |tee "scorebd.elf.size"
   text	   data	    bss	    dec	    hex	filename
  22088	   1576	   2472	  26136	   6618	scorebd.elf
Finished building: scorebd.elf.size
 
Invoking: Xilinx ELF Check
elfcheck scorebd.elf -hw ../../scoreboard_hw_platform/system.xml -pe microblaze_0  |tee "scorebd.elf.elfcheck"
elfcheck
Xilinx EDK 14.7 Build EDK_P.20131013
Copyright (c) 1995-2012 Xilinx, Inc.  All rights reserved.

Command Line: elfcheck -hw ../../scoreboard_hw_platform/system.xml -pe
microblaze_0 scorebd.elf 

ELF file	: scorebd.elf
elfcheck passed.
Finished building: scorebd.elf.elfcheck
 
17:31:58 **** Auto Build of project standalone_bsp_0 ****
make -k all 
Finished building libraries
17:38:27 **** Auto Build of configuration Debug for project scorebd ****
make all 
Building file: ../src/main.c
Invoking: MicroBlaze gcc compiler
mb-gcc -Wall -O0 -g3 -c -fmessage-length=0 -I../../standalone_bsp_0/microblaze_0/include -mxl-barrel-shift -mxl-pattern-compare -mcpu=v8.50.c -mno-xl-soft-mul -Wl,--no-relax -ffunction-sections -fdata-sections -MMD -MP -MF"src/main.d" -MT"src/main.d" -o "src/main.o" "../src/main.c"
Finished building: ../src/main.c
 
Building target: scorebd.elf
Invoking: MicroBlaze gcc linker
mb-gcc -Wl,-T -Wl,../src/lscript.ld -L../../standalone_bsp_0/microblaze_0/lib -mxl-barrel-shift -mxl-pattern-compare -mcpu=v8.50.c -mno-xl-soft-mul -Wl,--no-relax -Wl,--gc-sections -o "scorebd.elf"  ./src/kbDecode.o ./src/main.o   -Wl,--start-group,-lxil,-lgcc,-lc,--end-group
Finished building target: scorebd.elf
 
Invoking: MicroBlaze Print Size
mb-size scorebd.elf  |tee "scorebd.elf.size"
   text	   data	    bss	    dec	    hex	filename
  22168	   1576	   2472	  26216	   6668	scorebd.elf
Finished building: scorebd.elf.size
 
Invoking: Xilinx ELF Check
elfcheck scorebd.elf -hw ../../scoreboard_hw_platform/system.xml -pe microblaze_0  |tee "scorebd.elf.elfcheck"
elfcheck
Xilinx EDK 14.7 Build EDK_P.20131013
Copyright (c) 1995-2012 Xilinx, Inc.  All rights reserved.

Command Line: elfcheck -hw ../../scoreboard_hw_platform/system.xml -pe
microblaze_0 scorebd.elf 

ELF file	: scorebd.elf
elfcheck passed.
Finished building: scorebd.elf.elfcheck
 
17:38:33 **** Auto Build of project standalone_bsp_0 ****
make -k all 
Finished building libraries
17:51:25 **** Auto Build of configuration Debug for project scorebd ****
make all 
Building file: ../src/main.c
Invoking: MicroBlaze gcc compiler
mb-gcc -Wall -O0 -g3 -c -fmessage-length=0 -I../../standalone_bsp_0/microblaze_0/include -mxl-barrel-shift -mxl-pattern-compare -mcpu=v8.50.c -mno-xl-soft-mul -Wl,--no-relax -ffunction-sections -fdata-sections -MMD -MP -MF"src/main.d" -MT"src/main.d" -o "src/main.o" "../src/main.c"
Finished building: ../src/main.c
 
Building target: scorebd.elf
Invoking: MicroBlaze gcc linker
mb-gcc -Wl,-T -Wl,../src/lscript.ld -L../../standalone_bsp_0/microblaze_0/lib -mxl-barrel-shift -mxl-pattern-compare -mcpu=v8.50.c -mno-xl-soft-mul -Wl,--no-relax -Wl,--gc-sections -o "scorebd.elf"  ./src/kbDecode.o ./src/main.o   -Wl,--start-group,-lxil,-lgcc,-lc,--end-group
Finished building target: scorebd.elf
 
Invoking: MicroBlaze Print Size
mb-size scorebd.elf  |tee "scorebd.elf.size"
   text	   data	    bss	    dec	    hex	filename
  22168	   1576	   2472	  26216	   6668	scorebd.elf
Finished building: scorebd.elf.size
 
Invoking: Xilinx ELF Check
elfcheck scorebd.elf -hw ../../scoreboard_hw_platform/system.xml -pe microblaze_0  |tee "scorebd.elf.elfcheck"
elfcheck
Xilinx EDK 14.7 Build EDK_P.20131013
Copyright (c) 1995-2012 Xilinx, Inc.  All rights reserved.

Command Line: elfcheck -hw ../../scoreboard_hw_platform/system.xml -pe
microblaze_0 scorebd.elf 

ELF file	: scorebd.elf
elfcheck passed.
Finished building: scorebd.elf.elfcheck
 
17:51:31 **** Auto Build of project standalone_bsp_0 ****
make -k all 
Finished building libraries
17:57:15 **** Auto Build of configuration Debug for project scorebd ****
make all 
Building file: ../src/main.c
Invoking: MicroBlaze gcc compiler
mb-gcc -Wall -O0 -g3 -c -fmessage-length=0 -I../../standalone_bsp_0/microblaze_0/include -mxl-barrel-shift -mxl-pattern-compare -mcpu=v8.50.c -mno-xl-soft-mul -Wl,--no-relax -ffunction-sections -fdata-sections -MMD -MP -MF"src/main.d" -MT"src/main.d" -o "src/main.o" "../src/main.c"
Finished building: ../src/main.c
 
Building target: scorebd.elf
Invoking: MicroBlaze gcc linker
mb-gcc -Wl,-T -Wl,../src/lscript.ld -L../../standalone_bsp_0/microblaze_0/lib -mxl-barrel-shift -mxl-pattern-compare -mcpu=v8.50.c -mno-xl-soft-mul -Wl,--no-relax -Wl,--gc-sections -o "scorebd.elf"  ./src/kbDecode.o ./src/main.o   -Wl,--start-group,-lxil,-lgcc,-lc,--end-group
Finished building target: scorebd.elf
 
Invoking: MicroBlaze Print Size
mb-size scorebd.elf  |tee "scorebd.elf.size"
   text	   data	    bss	    dec	    hex	filename
  22292	   1588	   2480	  26360	   66f8	scorebd.elf
Finished building: scorebd.elf.size
 
Invoking: Xilinx ELF Check
elfcheck scorebd.elf -hw ../../scoreboard_hw_platform/system.xml -pe microblaze_0  |tee "scorebd.elf.elfcheck"
elfcheck
Xilinx EDK 14.7 Build EDK_P.20131013
Copyright (c) 1995-2012 Xilinx, Inc.  All rights reserved.

Command Line: elfcheck -hw ../../scoreboard_hw_platform/system.xml -pe
microblaze_0 scorebd.elf 

ELF file	: scorebd.elf
elfcheck passed.
Finished building: scorebd.elf.elfcheck
 
17:57:22 **** Auto Build of project standalone_bsp_0 ****
make -k all 
Finished building libraries
18:14:35 **** Auto Build of configuration Debug for project scorebd ****
make all 
Building file: ../src/main.c
Invoking: MicroBlaze gcc compiler
mb-gcc -Wall -O0 -g3 -c -fmessage-length=0 -I../../standalone_bsp_0/microblaze_0/include -mxl-barrel-shift -mxl-pattern-compare -mcpu=v8.50.c -mno-xl-soft-mul -Wl,--no-relax -ffunction-sections -fdata-sections -MMD -MP -MF"src/main.d" -MT"src/main.d" -o "src/main.o" "../src/main.c"
../src/main.c:121:4: error: redefinition of 'gtm_MM'
../src/main.c:113:21: note: previous definition of 'gtm_MM' was here
../src/main.c:121:20: error: redefinition of 'gtm_SS'
../src/main.c:113:37: note: previous definition of 'gtm_SS' was here
../src/main.c:121:35: error: redefinition of 'gtm_TS'
../src/main.c:113:52: note: previous definition of 'gtm_TS' was here
make: *** [src/main.o] ´íÎó 1
18:14:36 **** Auto Build of project standalone_bsp_0 ****
make -k all 
Finished building libraries
18:16:04 **** Auto Build of configuration Debug for project scorebd ****
make all 
Building file: ../src/main.c
Invoking: MicroBlaze gcc compiler
mb-gcc -Wall -O0 -g3 -c -fmessage-length=0 -I../../standalone_bsp_0/microblaze_0/include -mxl-barrel-shift -mxl-pattern-compare -mcpu=v8.50.c -mno-xl-soft-mul -Wl,--no-relax -ffunction-sections -fdata-sections -MMD -MP -MF"src/main.d" -MT"src/main.d" -o "src/main.o" "../src/main.c"
../src/main.c:121:4: error: redefinition of 'gtm_MM'
../src/main.c:113:21: note: previous definition of 'gtm_MM' was here
../src/main.c:121:20: error: redefinition of 'gtm_SS'
../src/main.c:113:37: note: previous definition of 'gtm_SS' was here
../src/main.c:121:35: error: redefinition of 'gtm_TS'
../src/main.c:113:52: note: previous definition of 'gtm_TS' was here
make: *** [src/main.o] ´íÎó 1
18:16:05 **** Auto Build of project standalone_bsp_0 ****
make -k all 
Finished building libraries
18:16:33 **** Auto Build of configuration Debug for project scorebd ****
make all 
Building file: ../src/main.c
Invoking: MicroBlaze gcc compiler
mb-gcc -Wall -O0 -g3 -c -fmessage-length=0 -I../../standalone_bsp_0/microblaze_0/include -mxl-barrel-shift -mxl-pattern-compare -mcpu=v8.50.c -mno-xl-soft-mul -Wl,--no-relax -ffunction-sections -fdata-sections -MMD -MP -MF"src/main.d" -MT"src/main.d" -o "src/main.o" "../src/main.c"
Finished building: ../src/main.c
 
Building target: scorebd.elf
Invoking: MicroBlaze gcc linker
mb-gcc -Wl,-T -Wl,../src/lscript.ld -L../../standalone_bsp_0/microblaze_0/lib -mxl-barrel-shift -mxl-pattern-compare -mcpu=v8.50.c -mno-xl-soft-mul -Wl,--no-relax -Wl,--gc-sections -o "scorebd.elf"  ./src/kbDecode.o ./src/main.o   -Wl,--start-group,-lxil,-lgcc,-lc,--end-group
Finished building target: scorebd.elf
 
Invoking: MicroBlaze Print Size
mb-size scorebd.elf  |tee "scorebd.elf.size"
   text	   data	    bss	    dec	    hex	filename
  21984	   1588	   2492	  26064	   65d0	scorebd.elf
Finished building: scorebd.elf.size
 
Invoking: Xilinx ELF Check
elfcheck scorebd.elf -hw ../../scoreboard_hw_platform/system.xml -pe microblaze_0  |tee "scorebd.elf.elfcheck"
elfcheck
Xilinx EDK 14.7 Build EDK_P.20131013
Copyright (c) 1995-2012 Xilinx, Inc.  All rights reserved.

Command Line: elfcheck -hw ../../scoreboard_hw_platform/system.xml -pe
microblaze_0 scorebd.elf 

ELF file	: scorebd.elf
elfcheck passed.
Finished building: scorebd.elf.elfcheck
 
18:16:39 **** Auto Build of project standalone_bsp_0 ****
make -k all 
Finished building libraries
18:18:40 **** Auto Build of configuration Debug for project scorebd ****
make all 
Building file: ../src/main.c
Invoking: MicroBlaze gcc compiler
mb-gcc -Wall -O0 -g3 -c -fmessage-length=0 -I../../standalone_bsp_0/microblaze_0/include -mxl-barrel-shift -mxl-pattern-compare -mcpu=v8.50.c -mno-xl-soft-mul -Wl,--no-relax -ffunction-sections -fdata-sections -MMD -MP -MF"src/main.d" -MT"src/main.d" -o "src/main.o" "../src/main.c"
../src/main.c: In function 'kb_events':
../src/main.c:699:5: error: 'game_clock' undeclared (first use in this function)
../src/main.c:699:5: note: each undeclared identifier is reported only once for each function it appears in
../src/main.c:702:5: error: 'shot_clock' undeclared (first use in this function)
make: *** [src/main.o] ´íÎó 1
18:18:41 **** Auto Build of project standalone_bsp_0 ****
make -k all 
Finished building libraries
18:19:42 **** Auto Build of configuration Debug for project scorebd ****
make all 
Building file: ../src/main.c
Invoking: MicroBlaze gcc compiler
mb-gcc -Wall -O0 -g3 -c -fmessage-length=0 -I../../standalone_bsp_0/microblaze_0/include -mxl-barrel-shift -mxl-pattern-compare -mcpu=v8.50.c -mno-xl-soft-mul -Wl,--no-relax -ffunction-sections -fdata-sections -MMD -MP -MF"src/main.d" -MT"src/main.d" -o "src/main.o" "../src/main.c"
Finished building: ../src/main.c
 
Building target: scorebd.elf
Invoking: MicroBlaze gcc linker
mb-gcc -Wl,-T -Wl,../src/lscript.ld -L../../standalone_bsp_0/microblaze_0/lib -mxl-barrel-shift -mxl-pattern-compare -mcpu=v8.50.c -mno-xl-soft-mul -Wl,--no-relax -Wl,--gc-sections -o "scorebd.elf"  ./src/kbDecode.o ./src/main.o   -Wl,--start-group,-lxil,-lgcc,-lc,--end-group
Finished building target: scorebd.elf
 
Invoking: MicroBlaze Print Size
mb-size scorebd.elf  |tee "scorebd.elf.size"
   text	   data	    bss	    dec	    hex	filename
  21984	   1584	   2480	  26048	   65c0	scorebd.elf
Finished building: scorebd.elf.size
 
Invoking: Xilinx ELF Check
elfcheck scorebd.elf -hw ../../scoreboard_hw_platform/system.xml -pe microblaze_0  |tee "scorebd.elf.elfcheck"
elfcheck
Xilinx EDK 14.7 Build EDK_P.20131013
Copyright (c) 1995-2012 Xilinx, Inc.  All rights reserved.

Command Line: elfcheck -hw ../../scoreboard_hw_platform/system.xml -pe
microblaze_0 scorebd.elf 

ELF file	: scorebd.elf
elfcheck passed.
Finished building: scorebd.elf.elfcheck
 
18:19:48 **** Auto Build of project standalone_bsp_0 ****
make -k all 
Finished building libraries
19:15:23 **** Auto Build of configuration Debug for project scorebd ****
make all 
Building file: ../src/main.c
Invoking: MicroBlaze gcc compiler
mb-gcc -Wall -O0 -g3 -c -fmessage-length=0 -I../../standalone_bsp_0/microblaze_0/include -mxl-barrel-shift -mxl-pattern-compare -mcpu=v8.50.c -mno-xl-soft-mul -Wl,--no-relax -ffunction-sections -fdata-sections -MMD -MP -MF"src/main.d" -MT"src/main.d" -o "src/main.o" "../src/main.c"
Finished building: ../src/main.c
 
Building target: scorebd.elf
Invoking: MicroBlaze gcc linker
mb-gcc -Wl,-T -Wl,../src/lscript.ld -L../../standalone_bsp_0/microblaze_0/lib -mxl-barrel-shift -mxl-pattern-compare -mcpu=v8.50.c -mno-xl-soft-mul -Wl,--no-relax -Wl,--gc-sections -o "scorebd.elf"  ./src/kbDecode.o ./src/main.o   -Wl,--start-group,-lxil,-lgcc,-lc,--end-group
Finished building target: scorebd.elf
 
Invoking: MicroBlaze Print Size
mb-size scorebd.elf  |tee "scorebd.elf.size"
   text	   data	    bss	    dec	    hex	filename
  22464	   1592	   2480	  26536	   67a8	scorebd.elf
Finished building: scorebd.elf.size
 
Invoking: Xilinx ELF Check
elfcheck scorebd.elf -hw ../../scoreboard_hw_platform/system.xml -pe microblaze_0  |tee "scorebd.elf.elfcheck"
elfcheck
Xilinx EDK 14.7 Build EDK_P.20131013
Copyright (c) 1995-2012 Xilinx, Inc.  All rights reserved.

Command Line: elfcheck -hw ../../scoreboard_hw_platform/system.xml -pe
microblaze_0 scorebd.elf 

ELF file	: scorebd.elf
elfcheck passed.
Finished building: scorebd.elf.elfcheck
 
19:15:29 **** Auto Build of project standalone_bsp_0 ****
make -k all 
Finished building libraries
19:19:20 **** Auto Build of configuration Debug for project scorebd ****
make all 
Building file: ../src/main.c
Invoking: MicroBlaze gcc compiler
mb-gcc -Wall -O0 -g3 -c -fmessage-length=0 -I../../standalone_bsp_0/microblaze_0/include -mxl-barrel-shift -mxl-pattern-compare -mcpu=v8.50.c -mno-xl-soft-mul -Wl,--no-relax -ffunction-sections -fdata-sections -MMD -MP -MF"src/main.d" -MT"src/main.d" -o "src/main.o" "../src/main.c"
Finished building: ../src/main.c
 
Building target: scorebd.elf
Invoking: MicroBlaze gcc linker
mb-gcc -Wl,-T -Wl,../src/lscript.ld -L../../standalone_bsp_0/microblaze_0/lib -mxl-barrel-shift -mxl-pattern-compare -mcpu=v8.50.c -mno-xl-soft-mul -Wl,--no-relax -Wl,--gc-sections -o "scorebd.elf"  ./src/kbDecode.o ./src/main.o   -Wl,--start-group,-lxil,-lgcc,-lc,--end-group
Finished building target: scorebd.elf
 
Invoking: MicroBlaze Print Size
mb-size scorebd.elf  |tee "scorebd.elf.size"
   text	   data	    bss	    dec	    hex	filename
  22480	   1592	   2480	  26552	   67b8	scorebd.elf
Finished building: scorebd.elf.size
 
Invoking: Xilinx ELF Check
elfcheck scorebd.elf -hw ../../scoreboard_hw_platform/system.xml -pe microblaze_0  |tee "scorebd.elf.elfcheck"
elfcheck
Xilinx EDK 14.7 Build EDK_P.20131013
Copyright (c) 1995-2012 Xilinx, Inc.  All rights reserved.

Command Line: elfcheck -hw ../../scoreboard_hw_platform/system.xml -pe
microblaze_0 scorebd.elf 

ELF file	: scorebd.elf
elfcheck passed.
Finished building: scorebd.elf.elfcheck
 
19:19:26 **** Auto Build of project standalone_bsp_0 ****
make -k all 
Finished building libraries
19:40:00 **** Auto Build of configuration Debug for project scorebd ****
make all 
Building file: ../src/main.c
Invoking: MicroBlaze gcc compiler
mb-gcc -Wall -O0 -g3 -c -fmessage-length=0 -I../../standalone_bsp_0/microblaze_0/include -mxl-barrel-shift -mxl-pattern-compare -mcpu=v8.50.c -mno-xl-soft-mul -Wl,--no-relax -ffunction-sections -fdata-sections -MMD -MP -MF"src/main.d" -MT"src/main.d" -o "src/main.o" "../src/main.c"
../src/main.c: In function 'kb_events':
../src/main.c:691:23: error: incompatible types when assigning to type 'u8[3]' from type 'char *'
../src/main.c:697:23: error: incompatible types when assigning to type 'u8[3]' from type 'char *'
../src/main.c:703:23: error: incompatible types when assigning to type 'u8[3]' from type 'char *'
../src/main.c:709:23: error: incompatible types when assigning to type 'u8[3]' from type 'char *'
../src/main.c:715:23: error: incompatible types when assigning to type 'u8[3]' from type 'char *'
make: *** [src/main.o] ´íÎó 1
19:40:01 **** Auto Build of project standalone_bsp_0 ****
make -k all 
Finished building libraries
19:42:48 **** Auto Build of configuration Debug for project scorebd ****
make all 
Building file: ../src/main.c
Invoking: MicroBlaze gcc compiler
mb-gcc -Wall -O0 -g3 -c -fmessage-length=0 -I../../standalone_bsp_0/microblaze_0/include -mxl-barrel-shift -mxl-pattern-compare -mcpu=v8.50.c -mno-xl-soft-mul -Wl,--no-relax -ffunction-sections -fdata-sections -MMD -MP -MF"src/main.d" -MT"src/main.d" -o "src/main.o" "../src/main.c"
Finished building: ../src/main.c
 
Building target: scorebd.elf
Invoking: MicroBlaze gcc linker
mb-gcc -Wl,-T -Wl,../src/lscript.ld -L../../standalone_bsp_0/microblaze_0/lib -mxl-barrel-shift -mxl-pattern-compare -mcpu=v8.50.c -mno-xl-soft-mul -Wl,--no-relax -Wl,--gc-sections -o "scorebd.elf"  ./src/kbDecode.o ./src/main.o   -Wl,--start-group,-lxil,-lgcc,-lc,--end-group
Finished building target: scorebd.elf
 
Invoking: MicroBlaze Print Size
mb-size scorebd.elf  |tee "scorebd.elf.size"
   text	   data	    bss	    dec	    hex	filename
  23248	   1592	   2480	  27320	   6ab8	scorebd.elf
Finished building: scorebd.elf.size
 
Invoking: Xilinx ELF Check
elfcheck scorebd.elf -hw ../../scoreboard_hw_platform/system.xml -pe microblaze_0  |tee "scorebd.elf.elfcheck"
elfcheck
Xilinx EDK 14.7 Build EDK_P.20131013
Copyright (c) 1995-2012 Xilinx, Inc.  All rights reserved.

Command Line: elfcheck -hw ../../scoreboard_hw_platform/system.xml -pe
microblaze_0 scorebd.elf 

ELF file	: scorebd.elf
elfcheck passed.
Finished building: scorebd.elf.elfcheck
 
19:42:55 **** Auto Build of project standalone_bsp_0 ****
make -k all 
Finished building libraries
19:44:26 **** Auto Build of configuration Debug for project scorebd ****
make all 
Building file: ../src/main.c
Invoking: MicroBlaze gcc compiler
mb-gcc -Wall -O0 -g3 -c -fmessage-length=0 -I../../standalone_bsp_0/microblaze_0/include -mxl-barrel-shift -mxl-pattern-compare -mcpu=v8.50.c -mno-xl-soft-mul -Wl,--no-relax -ffunction-sections -fdata-sections -MMD -MP -MF"src/main.d" -MT"src/main.d" -o "src/main.o" "../src/main.c"
Finished building: ../src/main.c
 
Building target: scorebd.elf
Invoking: MicroBlaze gcc linker
mb-gcc -Wl,-T -Wl,../src/lscript.ld -L../../standalone_bsp_0/microblaze_0/lib -mxl-barrel-shift -mxl-pattern-compare -mcpu=v8.50.c -mno-xl-soft-mul -Wl,--no-relax -Wl,--gc-sections -o "scorebd.elf"  ./src/kbDecode.o ./src/main.o   -Wl,--start-group,-lxil,-lgcc,-lc,--end-group
Finished building target: scorebd.elf
 
Invoking: MicroBlaze Print Size
mb-size scorebd.elf  |tee "scorebd.elf.size"
   text	   data	    bss	    dec	    hex	filename
  23248	   1592	   2480	  27320	   6ab8	scorebd.elf
Finished building: scorebd.elf.size
 
Invoking: Xilinx ELF Check
elfcheck scorebd.elf -hw ../../scoreboard_hw_platform/system.xml -pe microblaze_0  |tee "scorebd.elf.elfcheck"
elfcheck
Xilinx EDK 14.7 Build EDK_P.20131013
Copyright (c) 1995-2012 Xilinx, Inc.  All rights reserved.

Command Line: elfcheck -hw ../../scoreboard_hw_platform/system.xml -pe
microblaze_0 scorebd.elf 

ELF file	: scorebd.elf
elfcheck passed.
Finished building: scorebd.elf.elfcheck
 
19:44:33 **** Auto Build of project standalone_bsp_0 ****
make -k all 
Finished building libraries
20:05:58 **** Auto Build of configuration Debug for project scorebd ****
make all 
Building file: ../src/main.c
Invoking: MicroBlaze gcc compiler
mb-gcc -Wall -O0 -g3 -c -fmessage-length=0 -I../../standalone_bsp_0/microblaze_0/include -mxl-barrel-shift -mxl-pattern-compare -mcpu=v8.50.c -mno-xl-soft-mul -Wl,--no-relax -ffunction-sections -fdata-sections -MMD -MP -MF"src/main.d" -MT"src/main.d" -o "src/main.o" "../src/main.c"
Finished building: ../src/main.c
 
Building target: scorebd.elf
Invoking: MicroBlaze gcc linker
mb-gcc -Wl,-T -Wl,../src/lscript.ld -L../../standalone_bsp_0/microblaze_0/lib -mxl-barrel-shift -mxl-pattern-compare -mcpu=v8.50.c -mno-xl-soft-mul -Wl,--no-relax -Wl,--gc-sections -o "scorebd.elf"  ./src/kbDecode.o ./src/main.o   -Wl,--start-group,-lxil,-lgcc,-lc,--end-group
Finished building target: scorebd.elf
 
Invoking: MicroBlaze Print Size
mb-size scorebd.elf  |tee "scorebd.elf.size"
   text	   data	    bss	    dec	    hex	filename
  23376	   1596	   2484	  27456	   6b40	scorebd.elf
Finished building: scorebd.elf.size
 
Invoking: Xilinx ELF Check
elfcheck scorebd.elf -hw ../../scoreboard_hw_platform/system.xml -pe microblaze_0  |tee "scorebd.elf.elfcheck"
elfcheck
Xilinx EDK 14.7 Build EDK_P.20131013
Copyright (c) 1995-2012 Xilinx, Inc.  All rights reserved.

Command Line: elfcheck -hw ../../scoreboard_hw_platform/system.xml -pe
microblaze_0 scorebd.elf 

ELF file	: scorebd.elf
elfcheck passed.
Finished building: scorebd.elf.elfcheck
 
20:06:05 **** Auto Build of project standalone_bsp_0 ****
make -k all 
Finished building libraries
20:12:53 **** Auto Build of configuration Debug for project scorebd ****
make all 
Building file: ../src/main.c
Invoking: MicroBlaze gcc compiler
mb-gcc -Wall -O0 -g3 -c -fmessage-length=0 -I../../standalone_bsp_0/microblaze_0/include -mxl-barrel-shift -mxl-pattern-compare -mcpu=v8.50.c -mno-xl-soft-mul -Wl,--no-relax -ffunction-sections -fdata-sections -MMD -MP -MF"src/main.d" -MT"src/main.d" -o "src/main.o" "../src/main.c"
Finished building: ../src/main.c
 
Building target: scorebd.elf
Invoking: MicroBlaze gcc linker
mb-gcc -Wl,-T -Wl,../src/lscript.ld -L../../standalone_bsp_0/microblaze_0/lib -mxl-barrel-shift -mxl-pattern-compare -mcpu=v8.50.c -mno-xl-soft-mul -Wl,--no-relax -Wl,--gc-sections -o "scorebd.elf"  ./src/kbDecode.o ./src/main.o   -Wl,--start-group,-lxil,-lgcc,-lc,--end-group
Finished building target: scorebd.elf
 
Invoking: MicroBlaze Print Size
mb-size scorebd.elf  |tee "scorebd.elf.size"
   text	   data	    bss	    dec	    hex	filename
  23376	   1596	   2484	  27456	   6b40	scorebd.elf
Finished building: scorebd.elf.size
 
Invoking: Xilinx ELF Check
elfcheck scorebd.elf -hw ../../scoreboard_hw_platform/system.xml -pe microblaze_0  |tee "scorebd.elf.elfcheck"
elfcheck
Xilinx EDK 14.7 Build EDK_P.20131013
Copyright (c) 1995-2012 Xilinx, Inc.  All rights reserved.

Command Line: elfcheck -hw ../../scoreboard_hw_platform/system.xml -pe
microblaze_0 scorebd.elf 

ELF file	: scorebd.elf
elfcheck passed.
Finished building: scorebd.elf.elfcheck
 
20:12:59 **** Auto Build of project standalone_bsp_0 ****
make -k all 
Finished building libraries
20:58:15 **** Auto Build of configuration Debug for project scorebd ****
make all 
Building file: ../src/main.c
Invoking: MicroBlaze gcc compiler
mb-gcc -Wall -O0 -g3 -c -fmessage-length=0 -I../../standalone_bsp_0/microblaze_0/include -mxl-barrel-shift -mxl-pattern-compare -mcpu=v8.50.c -mno-xl-soft-mul -Wl,--no-relax -ffunction-sections -fdata-sections -MMD -MP -MF"src/main.d" -MT"src/main.d" -o "src/main.o" "../src/main.c"
../src/main.c: In function 'Graphic_UI':
../src/main.c:768:3: warning: implicit declaration of function 'Tft_Write' [-Wimplicit-function-declaration]
Finished building: ../src/main.c
 
Building target: scorebd.elf
Invoking: MicroBlaze gcc linker
mb-gcc -Wl,-T -Wl,../src/lscript.ld -L../../standalone_bsp_0/microblaze_0/lib -mxl-barrel-shift -mxl-pattern-compare -mcpu=v8.50.c -mno-xl-soft-mul -Wl,--no-relax -Wl,--gc-sections -o "scorebd.elf"  ./src/kbDecode.o ./src/main.o   -Wl,--start-group,-lxil,-lgcc,-lc,--end-group
./src/main.o: In function `Graphic_UI':
C:\Users\qhsam\Desktop\scoreboard\SDK\scorebd\Debug/../src/main.c:946: undefined reference to `Tft_Write'
C:\Users\qhsam\Desktop\scoreboard\SDK\scorebd\Debug/../src/main.c:946: undefined reference to `Tft_Write'
collect2: ld returned 1 exit status
make: *** [scorebd.elf] ´íÎó 1
20:58:17 **** Auto Build of project standalone_bsp_0 ****
make -k all 
Finished building libraries
20:58:53 **** Auto Build of configuration Debug for project scorebd ****
make all 
Building file: ../src/main.c
Invoking: MicroBlaze gcc compiler
mb-gcc -Wall -O0 -g3 -c -fmessage-length=0 -I../../standalone_bsp_0/microblaze_0/include -mxl-barrel-shift -mxl-pattern-compare -mcpu=v8.50.c -mno-xl-soft-mul -Wl,--no-relax -ffunction-sections -fdata-sections -MMD -MP -MF"src/main.d" -MT"src/main.d" -o "src/main.o" "../src/main.c"
../src/main.c: In function 'Graphic_UI':
../src/main.c:850:3: warning: implicit declaration of function 'Tft_Write' [-Wimplicit-function-declaration]
Finished building: ../src/main.c
 
Building target: scorebd.elf
Invoking: MicroBlaze gcc linker
mb-gcc -Wl,-T -Wl,../src/lscript.ld -L../../standalone_bsp_0/microblaze_0/lib -mxl-barrel-shift -mxl-pattern-compare -mcpu=v8.50.c -mno-xl-soft-mul -Wl,--no-relax -Wl,--gc-sections -o "scorebd.elf"  ./src/kbDecode.o ./src/main.o   -Wl,--start-group,-lxil,-lgcc,-lc,--end-group
./src/main.o: In function `Graphic_UI':
C:\Users\qhsam\Desktop\scoreboard\SDK\scorebd\Debug/../src/main.c:946: undefined reference to `Tft_Write'
collect2: ld returned 1 exit status
make: *** [scorebd.elf] ´íÎó 1
20:58:55 **** Auto Build of project standalone_bsp_0 ****
make -k all 
Finished building libraries
21:00:31 **** Auto Build of configuration Debug for project scorebd ****
make all 
Building file: ../src/main.c
Invoking: MicroBlaze gcc compiler
mb-gcc -Wall -O0 -g3 -c -fmessage-length=0 -I../../standalone_bsp_0/microblaze_0/include -mxl-barrel-shift -mxl-pattern-compare -mcpu=v8.50.c -mno-xl-soft-mul -Wl,--no-relax -ffunction-sections -fdata-sections -MMD -MP -MF"src/main.d" -MT"src/main.d" -o "src/main.o" "../src/main.c"
Finished building: ../src/main.c
 
Building target: scorebd.elf
Invoking: MicroBlaze gcc linker
mb-gcc -Wl,-T -Wl,../src/lscript.ld -L../../standalone_bsp_0/microblaze_0/lib -mxl-barrel-shift -mxl-pattern-compare -mcpu=v8.50.c -mno-xl-soft-mul -Wl,--no-relax -Wl,--gc-sections -o "scorebd.elf"  ./src/kbDecode.o ./src/main.o   -Wl,--start-group,-lxil,-lgcc,-lc,--end-group
Finished building target: scorebd.elf
 
Invoking: MicroBlaze Print Size
mb-size scorebd.elf  |tee "scorebd.elf.size"
   text	   data	    bss	    dec	    hex	filename
  24408	   1620	   2484	  28512	   6f60	scorebd.elf
Finished building: scorebd.elf.size
 
Invoking: Xilinx ELF Check
elfcheck scorebd.elf -hw ../../scoreboard_hw_platform/system.xml -pe microblaze_0  |tee "scorebd.elf.elfcheck"
elfcheck
Xilinx EDK 14.7 Build EDK_P.20131013
Copyright (c) 1995-2012 Xilinx, Inc.  All rights reserved.

Command Line: elfcheck -hw ../../scoreboard_hw_platform/system.xml -pe
microblaze_0 scorebd.elf 

ELF file	: scorebd.elf
elfcheck passed.
Finished building: scorebd.elf.elfcheck
 
21:00:37 **** Auto Build of project standalone_bsp_0 ****
make -k all 
Finished building libraries
21:11:05 **** Auto Build of configuration Debug for project scorebd ****
make all 
Building file: ../src/main.c
Invoking: MicroBlaze gcc compiler
mb-gcc -Wall -O0 -g3 -c -fmessage-length=0 -I../../standalone_bsp_0/microblaze_0/include -mxl-barrel-shift -mxl-pattern-compare -mcpu=v8.50.c -mno-xl-soft-mul -Wl,--no-relax -ffunction-sections -fdata-sections -MMD -MP -MF"src/main.d" -MT"src/main.d" -o "src/main.o" "../src/main.c"
Finished building: ../src/main.c
 
Building target: scorebd.elf
Invoking: MicroBlaze gcc linker
mb-gcc -Wl,-T -Wl,../src/lscript.ld -L../../standalone_bsp_0/microblaze_0/lib -mxl-barrel-shift -mxl-pattern-compare -mcpu=v8.50.c -mno-xl-soft-mul -Wl,--no-relax -Wl,--gc-sections -o "scorebd.elf"  ./src/kbDecode.o ./src/main.o   -Wl,--start-group,-lxil,-lgcc,-lc,--end-group
Finished building target: scorebd.elf
 
Invoking: MicroBlaze Print Size
mb-size scorebd.elf  |tee "scorebd.elf.size"
   text	   data	    bss	    dec	    hex	filename
  24564	   1620	   2488	  28672	   7000	scorebd.elf
Finished building: scorebd.elf.size
 
Invoking: Xilinx ELF Check
elfcheck scorebd.elf -hw ../../scoreboard_hw_platform/system.xml -pe microblaze_0  |tee "scorebd.elf.elfcheck"
elfcheck
Xilinx EDK 14.7 Build EDK_P.20131013
Copyright (c) 1995-2012 Xilinx, Inc.  All rights reserved.

Command Line: elfcheck -hw ../../scoreboard_hw_platform/system.xml -pe
microblaze_0 scorebd.elf 

ELF file	: scorebd.elf
elfcheck passed.
Finished building: scorebd.elf.elfcheck
 
21:11:11 **** Auto Build of project standalone_bsp_0 ****
make -k all 
Finished building libraries
21:11:52 **** Auto Build of configuration Debug for project scorebd ****
make all 
Building file: ../src/main.c
Invoking: MicroBlaze gcc compiler
mb-gcc -Wall -O0 -g3 -c -fmessage-length=0 -I../../standalone_bsp_0/microblaze_0/include -mxl-barrel-shift -mxl-pattern-compare -mcpu=v8.50.c -mno-xl-soft-mul -Wl,--no-relax -ffunction-sections -fdata-sections -MMD -MP -MF"src/main.d" -MT"src/main.d" -o "src/main.o" "../src/main.c"
Finished building: ../src/main.c
 
Building target: scorebd.elf
Invoking: MicroBlaze gcc linker
mb-gcc -Wl,-T -Wl,../src/lscript.ld -L../../standalone_bsp_0/microblaze_0/lib -mxl-barrel-shift -mxl-pattern-compare -mcpu=v8.50.c -mno-xl-soft-mul -Wl,--no-relax -Wl,--gc-sections -o "scorebd.elf"  ./src/kbDecode.o ./src/main.o   -Wl,--start-group,-lxil,-lgcc,-lc,--end-group
Finished building target: scorebd.elf
 
Invoking: MicroBlaze Print Size
mb-size scorebd.elf  |tee "scorebd.elf.size"
   text	   data	    bss	    dec	    hex	filename
  24564	   1620	   2488	  28672	   7000	scorebd.elf
Finished building: scorebd.elf.size
 
Invoking: Xilinx ELF Check
elfcheck scorebd.elf -hw ../../scoreboard_hw_platform/system.xml -pe microblaze_0  |tee "scorebd.elf.elfcheck"
elfcheck
Xilinx EDK 14.7 Build EDK_P.20131013
Copyright (c) 1995-2012 Xilinx, Inc.  All rights reserved.

Command Line: elfcheck -hw ../../scoreboard_hw_platform/system.xml -pe
microblaze_0 scorebd.elf 

ELF file	: scorebd.elf
elfcheck passed.
Finished building: scorebd.elf.elfcheck
 
21:11:59 **** Auto Build of configuration Debug for project scorebd ****
make all 
Building file: ../src/main.c
Invoking: MicroBlaze gcc compiler
mb-gcc -Wall -O0 -g3 -c -fmessage-length=0 -I../../standalone_bsp_0/microblaze_0/include -mxl-barrel-shift -mxl-pattern-compare -mcpu=v8.50.c -mno-xl-soft-mul -Wl,--no-relax -ffunction-sections -fdata-sections -MMD -MP -MF"src/main.d" -MT"src/main.d" -o "src/main.o" "../src/main.c"
Finished building: ../src/main.c
 
Building target: scorebd.elf
Invoking: MicroBlaze gcc linker
mb-gcc -Wl,-T -Wl,../src/lscript.ld -L../../standalone_bsp_0/microblaze_0/lib -mxl-barrel-shift -mxl-pattern-compare -mcpu=v8.50.c -mno-xl-soft-mul -Wl,--no-relax -Wl,--gc-sections -o "scorebd.elf"  ./src/kbDecode.o ./src/main.o   -Wl,--start-group,-lxil,-lgcc,-lc,--end-group
Finished building target: scorebd.elf
 
Invoking: MicroBlaze Print Size
mb-size scorebd.elf  |tee "scorebd.elf.size"
   text	   data	    bss	    dec	    hex	filename
  24564	   1620	   2488	  28672	   7000	scorebd.elf
Finished building: scorebd.elf.size
 
Invoking: Xilinx ELF Check
elfcheck scorebd.elf -hw ../../scoreboard_hw_platform/system.xml -pe microblaze_0  |tee "scorebd.elf.elfcheck"
elfcheck
Xilinx EDK 14.7 Build EDK_P.20131013
Copyright (c) 1995-2012 Xilinx, Inc.  All rights reserved.

Command Line: elfcheck -hw ../../scoreboard_hw_platform/system.xml -pe
microblaze_0 scorebd.elf 

ELF file	: scorebd.elf
elfcheck passed.
Finished building: scorebd.elf.elfcheck
 
21:12:05 **** Auto Build of configuration Debug for project scorebd ****
make all 
Building file: ../src/main.c
Invoking: MicroBlaze gcc compiler
mb-gcc -Wall -O0 -g3 -c -fmessage-length=0 -I../../standalone_bsp_0/microblaze_0/include -mxl-barrel-shift -mxl-pattern-compare -mcpu=v8.50.c -mno-xl-soft-mul -Wl,--no-relax -ffunction-sections -fdata-sections -MMD -MP -MF"src/main.d" -MT"src/main.d" -o "src/main.o" "../src/main.c"
Finished building: ../src/main.c
 
Building target: scorebd.elf
Invoking: MicroBlaze gcc linker
mb-gcc -Wl,-T -Wl,../src/lscript.ld -L../../standalone_bsp_0/microblaze_0/lib -mxl-barrel-shift -mxl-pattern-compare -mcpu=v8.50.c -mno-xl-soft-mul -Wl,--no-relax -Wl,--gc-sections -o "scorebd.elf"  ./src/kbDecode.o ./src/main.o   -Wl,--start-group,-lxil,-lgcc,-lc,--end-group
Finished building target: scorebd.elf
 
Invoking: MicroBlaze Print Size
mb-size scorebd.elf  |tee "scorebd.elf.size"
   text	   data	    bss	    dec	    hex	filename
  24564	   1620	   2488	  28672	   7000	scorebd.elf
Finished building: scorebd.elf.size
 
Invoking: Xilinx ELF Check
elfcheck scorebd.elf -hw ../../scoreboard_hw_platform/system.xml -pe microblaze_0  |tee "scorebd.elf.elfcheck"
elfcheck
Xilinx EDK 14.7 Build EDK_P.20131013
Copyright (c) 1995-2012 Xilinx, Inc.  All rights reserved.

Command Line: elfcheck -hw ../../scoreboard_hw_platform/system.xml -pe
microblaze_0 scorebd.elf 

ELF file	: scorebd.elf
elfcheck passed.
Finished building: scorebd.elf.elfcheck
 
21:12:12 **** Auto Build of project standalone_bsp_0 ****
make -k all 
Finished building libraries
21:13:01 **** Auto Build of configuration Debug for project scorebd ****
make all 
Building file: ../src/main.c
Invoking: MicroBlaze gcc compiler
mb-gcc -Wall -O0 -g3 -c -fmessage-length=0 -I../../standalone_bsp_0/microblaze_0/include -mxl-barrel-shift -mxl-pattern-compare -mcpu=v8.50.c -mno-xl-soft-mul -Wl,--no-relax -ffunction-sections -fdata-sections -MMD -MP -MF"src/main.d" -MT"src/main.d" -o "src/main.o" "../src/main.c"
Finished building: ../src/main.c
 
Building target: scorebd.elf
Invoking: MicroBlaze gcc linker
mb-gcc -Wl,-T -Wl,../src/lscript.ld -L../../standalone_bsp_0/microblaze_0/lib -mxl-barrel-shift -mxl-pattern-compare -mcpu=v8.50.c -mno-xl-soft-mul -Wl,--no-relax -Wl,--gc-sections -o "scorebd.elf"  ./src/kbDecode.o ./src/main.o   -Wl,--start-group,-lxil,-lgcc,-lc,--end-group
Finished building target: scorebd.elf
 
Invoking: MicroBlaze Print Size
mb-size scorebd.elf  |tee "scorebd.elf.size"
   text	   data	    bss	    dec	    hex	filename
  24564	   1620	   2488	  28672	   7000	scorebd.elf
Finished building: scorebd.elf.size
 
Invoking: Xilinx ELF Check
elfcheck scorebd.elf -hw ../../scoreboard_hw_platform/system.xml -pe microblaze_0  |tee "scorebd.elf.elfcheck"
elfcheck
Xilinx EDK 14.7 Build EDK_P.20131013
Copyright (c) 1995-2012 Xilinx, Inc.  All rights reserved.

Command Line: elfcheck -hw ../../scoreboard_hw_platform/system.xml -pe
microblaze_0 scorebd.elf 

ELF file	: scorebd.elf
elfcheck passed.
Finished building: scorebd.elf.elfcheck
 
21:13:07 **** Auto Build of project standalone_bsp_0 ****
make -k all 
Finished building libraries
21:13:46 **** Auto Build of configuration Debug for project scorebd ****
make all 
Building file: ../src/main.c
Invoking: MicroBlaze gcc compiler
mb-gcc -Wall -O0 -g3 -c -fmessage-length=0 -I../../standalone_bsp_0/microblaze_0/include -mxl-barrel-shift -mxl-pattern-compare -mcpu=v8.50.c -mno-xl-soft-mul -Wl,--no-relax -ffunction-sections -fdata-sections -MMD -MP -MF"src/main.d" -MT"src/main.d" -o "src/main.o" "../src/main.c"
Finished building: ../src/main.c
 
Building target: scorebd.elf
Invoking: MicroBlaze gcc linker
mb-gcc -Wl,-T -Wl,../src/lscript.ld -L../../standalone_bsp_0/microblaze_0/lib -mxl-barrel-shift -mxl-pattern-compare -mcpu=v8.50.c -mno-xl-soft-mul -Wl,--no-relax -Wl,--gc-sections -o "scorebd.elf"  ./src/kbDecode.o ./src/main.o   -Wl,--start-group,-lxil,-lgcc,-lc,--end-group
Finished building target: scorebd.elf
 
Invoking: MicroBlaze Print Size
mb-size scorebd.elf  |tee "scorebd.elf.size"
   text	   data	    bss	    dec	    hex	filename
  24564	   1620	   2488	  28672	   7000	scorebd.elf
Finished building: scorebd.elf.size
 
Invoking: Xilinx ELF Check
elfcheck scorebd.elf -hw ../../scoreboard_hw_platform/system.xml -pe microblaze_0  |tee "scorebd.elf.elfcheck"
elfcheck
Xilinx EDK 14.7 Build EDK_P.20131013
Copyright (c) 1995-2012 Xilinx, Inc.  All rights reserved.

Command Line: elfcheck -hw ../../scoreboard_hw_platform/system.xml -pe
microblaze_0 scorebd.elf 

ELF file	: scorebd.elf
elfcheck passed.
Finished building: scorebd.elf.elfcheck
 
21:13:52 **** Auto Build of project standalone_bsp_0 ****
make -k all 
Finished building libraries
21:15:08 **** Auto Build of configuration Debug for project scorebd ****
make all 
Building file: ../src/main.c
Invoking: MicroBlaze gcc compiler
mb-gcc -Wall -O0 -g3 -c -fmessage-length=0 -I../../standalone_bsp_0/microblaze_0/include -mxl-barrel-shift -mxl-pattern-compare -mcpu=v8.50.c -mno-xl-soft-mul -Wl,--no-relax -ffunction-sections -fdata-sections -MMD -MP -MF"src/main.d" -MT"src/main.d" -o "src/main.o" "../src/main.c"
Finished building: ../src/main.c
 
Building target: scorebd.elf
Invoking: MicroBlaze gcc linker
mb-gcc -Wl,-T -Wl,../src/lscript.ld -L../../standalone_bsp_0/microblaze_0/lib -mxl-barrel-shift -mxl-pattern-compare -mcpu=v8.50.c -mno-xl-soft-mul -Wl,--no-relax -Wl,--gc-sections -o "scorebd.elf"  ./src/kbDecode.o ./src/main.o   -Wl,--start-group,-lxil,-lgcc,-lc,--end-group
Finished building target: scorebd.elf
 
Invoking: MicroBlaze Print Size
mb-size scorebd.elf  |tee "scorebd.elf.size"
   text	   data	    bss	    dec	    hex	filename
  24564	   1620	   2488	  28672	   7000	scorebd.elf
Finished building: scorebd.elf.size
 
Invoking: Xilinx ELF Check
elfcheck scorebd.elf -hw ../../scoreboard_hw_platform/system.xml -pe microblaze_0  |tee "scorebd.elf.elfcheck"
elfcheck
Xilinx EDK 14.7 Build EDK_P.20131013
Copyright (c) 1995-2012 Xilinx, Inc.  All rights reserved.

Command Line: elfcheck -hw ../../scoreboard_hw_platform/system.xml -pe
microblaze_0 scorebd.elf 

ELF file	: scorebd.elf
elfcheck passed.
Finished building: scorebd.elf.elfcheck
 
21:15:15 **** Auto Build of project standalone_bsp_0 ****
make -k all 
Finished building libraries
21:15:22 **** Auto Build of configuration Debug for project scorebd ****
make all 
Building file: ../src/main.c
Invoking: MicroBlaze gcc compiler
mb-gcc -Wall -O0 -g3 -c -fmessage-length=0 -I../../standalone_bsp_0/microblaze_0/include -mxl-barrel-shift -mxl-pattern-compare -mcpu=v8.50.c -mno-xl-soft-mul -Wl,--no-relax -ffunction-sections -fdata-sections -MMD -MP -MF"src/main.d" -MT"src/main.d" -o "src/main.o" "../src/main.c"
Finished building: ../src/main.c
 
Building target: scorebd.elf
Invoking: MicroBlaze gcc linker
mb-gcc -Wl,-T -Wl,../src/lscript.ld -L../../standalone_bsp_0/microblaze_0/lib -mxl-barrel-shift -mxl-pattern-compare -mcpu=v8.50.c -mno-xl-soft-mul -Wl,--no-relax -Wl,--gc-sections -o "scorebd.elf"  ./src/kbDecode.o ./src/main.o   -Wl,--start-group,-lxil,-lgcc,-lc,--end-group
Finished building target: scorebd.elf
 
Invoking: MicroBlaze Print Size
mb-size scorebd.elf  |tee "scorebd.elf.size"
   text	   data	    bss	    dec	    hex	filename
  24564	   1620	   2488	  28672	   7000	scorebd.elf
Finished building: scorebd.elf.size
 
Invoking: Xilinx ELF Check
elfcheck scorebd.elf -hw ../../scoreboard_hw_platform/system.xml -pe microblaze_0  |tee "scorebd.elf.elfcheck"
elfcheck
Xilinx EDK 14.7 Build EDK_P.20131013
Copyright (c) 1995-2012 Xilinx, Inc.  All rights reserved.

Command Line: elfcheck -hw ../../scoreboard_hw_platform/system.xml -pe
microblaze_0 scorebd.elf 

ELF file	: scorebd.elf
elfcheck passed.
Finished building: scorebd.elf.elfcheck
 
21:15:28 **** Auto Build of project standalone_bsp_0 ****
make -k all 
Finished building libraries
21:15:47 **** Auto Build of configuration Debug for project scorebd ****
make all 
Building file: ../src/main.c
Invoking: MicroBlaze gcc compiler
mb-gcc -Wall -O0 -g3 -c -fmessage-length=0 -I../../standalone_bsp_0/microblaze_0/include -mxl-barrel-shift -mxl-pattern-compare -mcpu=v8.50.c -mno-xl-soft-mul -Wl,--no-relax -ffunction-sections -fdata-sections -MMD -MP -MF"src/main.d" -MT"src/main.d" -o "src/main.o" "../src/main.c"
../src/main.c: In function 'Rt_Clock':
../src/main.c:425:23: error: 'al_minutes' undeclared (first use in this function)
../src/main.c:425:23: note: each undeclared identifier is reported only once for each function it appears in
../src/main.c:426:18: error: 'al_hours' undeclared (first use in this function)
../src/main.c:445:6: error: 'rt_days' undeclared (first use in this function)
../src/main.c: In function 'goStopWatch':
../src/main.c:465:2: error: 'stw_tenthsec' undeclared (first use in this function)
../src/main.c:469:3: error: 'stw_seconds' undeclared (first use in this function)
../src/main.c:473:4: error: 'stw_minutes' undeclared (first use in this function)
../src/main.c:477:5: error: 'stw_hours' undeclared (first use in this function)
make: *** [src/main.o] ´íÎó 1
21:15:48 **** Auto Build of project standalone_bsp_0 ****
make -k all 
Finished building libraries
21:15:59 **** Auto Build of configuration Debug for project scorebd ****
make all 
Building file: ../src/main.c
Invoking: MicroBlaze gcc compiler
mb-gcc -Wall -O0 -g3 -c -fmessage-length=0 -I../../standalone_bsp_0/microblaze_0/include -mxl-barrel-shift -mxl-pattern-compare -mcpu=v8.50.c -mno-xl-soft-mul -Wl,--no-relax -ffunction-sections -fdata-sections -MMD -MP -MF"src/main.d" -MT"src/main.d" -o "src/main.o" "../src/main.c"
../src/main.c: In function 'Rt_Clock':
../src/main.c:445:6: error: 'rt_days' undeclared (first use in this function)
../src/main.c:445:6: note: each undeclared identifier is reported only once for each function it appears in
../src/main.c: In function 'goStopWatch':
../src/main.c:465:2: error: 'stw_tenthsec' undeclared (first use in this function)
../src/main.c:469:3: error: 'stw_seconds' undeclared (first use in this function)
../src/main.c:473:4: error: 'stw_minutes' undeclared (first use in this function)
../src/main.c:477:5: error: 'stw_hours' undeclared (first use in this function)
make: *** [src/main.o] ´íÎó 1
21:16:00 **** Auto Build of project standalone_bsp_0 ****
make -k all 
Finished building libraries
21:16:09 **** Auto Build of configuration Debug for project scorebd ****
make all 
Building file: ../src/main.c
Invoking: MicroBlaze gcc compiler
mb-gcc -Wall -O0 -g3 -c -fmessage-length=0 -I../../standalone_bsp_0/microblaze_0/include -mxl-barrel-shift -mxl-pattern-compare -mcpu=v8.50.c -mno-xl-soft-mul -Wl,--no-relax -ffunction-sections -fdata-sections -MMD -MP -MF"src/main.d" -MT"src/main.d" -o "src/main.o" "../src/main.c"
../src/main.c: In function 'goStopWatch':
../src/main.c:465:2: error: 'stw_tenthsec' undeclared (first use in this function)
../src/main.c:465:2: note: each undeclared identifier is reported only once for each function it appears in
../src/main.c:469:3: error: 'stw_seconds' undeclared (first use in this function)
../src/main.c:473:4: error: 'stw_minutes' undeclared (first use in this function)
../src/main.c:477:5: error: 'stw_hours' undeclared (first use in this function)
make: *** [src/main.o] ´íÎó 1
21:16:10 **** Auto Build of project standalone_bsp_0 ****
make -k all 
Finished building libraries
21:16:17 **** Auto Build of configuration Debug for project scorebd ****
make all 
Building file: ../src/main.c
Invoking: MicroBlaze gcc compiler
mb-gcc -Wall -O0 -g3 -c -fmessage-length=0 -I../../standalone_bsp_0/microblaze_0/include -mxl-barrel-shift -mxl-pattern-compare -mcpu=v8.50.c -mno-xl-soft-mul -Wl,--no-relax -ffunction-sections -fdata-sections -MMD -MP -MF"src/main.d" -MT"src/main.d" -o "src/main.o" "../src/main.c"
Finished building: ../src/main.c
 
Building target: scorebd.elf
Invoking: MicroBlaze gcc linker
mb-gcc -Wl,-T -Wl,../src/lscript.ld -L../../standalone_bsp_0/microblaze_0/lib -mxl-barrel-shift -mxl-pattern-compare -mcpu=v8.50.c -mno-xl-soft-mul -Wl,--no-relax -Wl,--gc-sections -o "scorebd.elf"  ./src/kbDecode.o ./src/main.o   -Wl,--start-group,-lxil,-lgcc,-lc,--end-group
Finished building target: scorebd.elf
 
Invoking: MicroBlaze Print Size
mb-size scorebd.elf  |tee "scorebd.elf.size"
   text	   data	    bss	    dec	    hex	filename
  24564	   1620	   2488	  28672	   7000	scorebd.elf
Finished building: scorebd.elf.size
 
Invoking: Xilinx ELF Check
elfcheck scorebd.elf -hw ../../scoreboard_hw_platform/system.xml -pe microblaze_0  |tee "scorebd.elf.elfcheck"
elfcheck
Xilinx EDK 14.7 Build EDK_P.20131013
Copyright (c) 1995-2012 Xilinx, Inc.  All rights reserved.

Command Line: elfcheck -hw ../../scoreboard_hw_platform/system.xml -pe
microblaze_0 scorebd.elf 

ELF file	: scorebd.elf
elfcheck passed.
Finished building: scorebd.elf.elfcheck
 
21:16:24 **** Auto Build of project standalone_bsp_0 ****
make -k all 
Finished building libraries
21:16:52 **** Auto Build of configuration Debug for project scorebd ****
make all 
Building file: ../src/main.c
Invoking: MicroBlaze gcc compiler
mb-gcc -Wall -O0 -g3 -c -fmessage-length=0 -I../../standalone_bsp_0/microblaze_0/include -mxl-barrel-shift -mxl-pattern-compare -mcpu=v8.50.c -mno-xl-soft-mul -Wl,--no-relax -ffunction-sections -fdata-sections -MMD -MP -MF"src/main.d" -MT"src/main.d" -o "src/main.o" "../src/main.c"
Finished building: ../src/main.c
 
Building target: scorebd.elf
Invoking: MicroBlaze gcc linker
mb-gcc -Wl,-T -Wl,../src/lscript.ld -L../../standalone_bsp_0/microblaze_0/lib -mxl-barrel-shift -mxl-pattern-compare -mcpu=v8.50.c -mno-xl-soft-mul -Wl,--no-relax -Wl,--gc-sections -o "scorebd.elf"  ./src/kbDecode.o ./src/main.o   -Wl,--start-group,-lxil,-lgcc,-lc,--end-group
Finished building target: scorebd.elf
 
Invoking: MicroBlaze Print Size
mb-size scorebd.elf  |tee "scorebd.elf.size"
   text	   data	    bss	    dec	    hex	filename
  24564	   1620	   2488	  28672	   7000	scorebd.elf
Finished building: scorebd.elf.size
 
Invoking: Xilinx ELF Check
elfcheck scorebd.elf -hw ../../scoreboard_hw_platform/system.xml -pe microblaze_0  |tee "scorebd.elf.elfcheck"
elfcheck
Xilinx EDK 14.7 Build EDK_P.20131013
Copyright (c) 1995-2012 Xilinx, Inc.  All rights reserved.

Command Line: elfcheck -hw ../../scoreboard_hw_platform/system.xml -pe
microblaze_0 scorebd.elf 

ELF file	: scorebd.elf
elfcheck passed.
Finished building: scorebd.elf.elfcheck
 
21:16:58 **** Auto Build of project standalone_bsp_0 ****
make -k all 
Finished building libraries
21:17:35 **** Auto Build of configuration Debug for project scorebd ****
make all 
Building file: ../src/main.c
Invoking: MicroBlaze gcc compiler
mb-gcc -Wall -O0 -g3 -c -fmessage-length=0 -I../../standalone_bsp_0/microblaze_0/include -mxl-barrel-shift -mxl-pattern-compare -mcpu=v8.50.c -mno-xl-soft-mul -Wl,--no-relax -ffunction-sections -fdata-sections -MMD -MP -MF"src/main.d" -MT"src/main.d" -o "src/main.o" "../src/main.c"
Finished building: ../src/main.c
 
Building target: scorebd.elf
Invoking: MicroBlaze gcc linker
mb-gcc -Wl,-T -Wl,../src/lscript.ld -L../../standalone_bsp_0/microblaze_0/lib -mxl-barrel-shift -mxl-pattern-compare -mcpu=v8.50.c -mno-xl-soft-mul -Wl,--no-relax -Wl,--gc-sections -o "scorebd.elf"  ./src/kbDecode.o ./src/main.o   -Wl,--start-group,-lxil,-lgcc,-lc,--end-group
Finished building target: scorebd.elf
 
Invoking: MicroBlaze Print Size
mb-size scorebd.elf  |tee "scorebd.elf.size"
   text	   data	    bss	    dec	    hex	filename
  24564	   1620	   2488	  28672	   7000	scorebd.elf
Finished building: scorebd.elf.size
 
Invoking: Xilinx ELF Check
elfcheck scorebd.elf -hw ../../scoreboard_hw_platform/system.xml -pe microblaze_0  |tee "scorebd.elf.elfcheck"
elfcheck
Xilinx EDK 14.7 Build EDK_P.20131013
Copyright (c) 1995-2012 Xilinx, Inc.  All rights reserved.

Command Line: elfcheck -hw ../../scoreboard_hw_platform/system.xml -pe
microblaze_0 scorebd.elf 

ELF file	: scorebd.elf
elfcheck passed.
Finished building: scorebd.elf.elfcheck
 
21:17:42 **** Auto Build of project standalone_bsp_0 ****
make -k all 
Finished building libraries
21:18:11 **** Auto Build of configuration Debug for project scorebd ****
make all 
Building file: ../src/main.c
Invoking: MicroBlaze gcc compiler
mb-gcc -Wall -O0 -g3 -c -fmessage-length=0 -I../../standalone_bsp_0/microblaze_0/include -mxl-barrel-shift -mxl-pattern-compare -mcpu=v8.50.c -mno-xl-soft-mul -Wl,--no-relax -ffunction-sections -fdata-sections -MMD -MP -MF"src/main.d" -MT"src/main.d" -o "src/main.o" "../src/main.c"
Finished building: ../src/main.c
 
Building target: scorebd.elf
Invoking: MicroBlaze gcc linker
mb-gcc -Wl,-T -Wl,../src/lscript.ld -L../../standalone_bsp_0/microblaze_0/lib -mxl-barrel-shift -mxl-pattern-compare -mcpu=v8.50.c -mno-xl-soft-mul -Wl,--no-relax -Wl,--gc-sections -o "scorebd.elf"  ./src/kbDecode.o ./src/main.o   -Wl,--start-group,-lxil,-lgcc,-lc,--end-group
Finished building target: scorebd.elf
 
Invoking: MicroBlaze Print Size
mb-size scorebd.elf  |tee "scorebd.elf.size"
   text	   data	    bss	    dec	    hex	filename
  24564	   1620	   2488	  28672	   7000	scorebd.elf
Finished building: scorebd.elf.size
 
Invoking: Xilinx ELF Check
elfcheck scorebd.elf -hw ../../scoreboard_hw_platform/system.xml -pe microblaze_0  |tee "scorebd.elf.elfcheck"
elfcheck
Xilinx EDK 14.7 Build EDK_P.20131013
Copyright (c) 1995-2012 Xilinx, Inc.  All rights reserved.

Command Line: elfcheck -hw ../../scoreboard_hw_platform/system.xml -pe
microblaze_0 scorebd.elf 

ELF file	: scorebd.elf
elfcheck passed.
Finished building: scorebd.elf.elfcheck
 
21:18:17 **** Auto Build of project standalone_bsp_0 ****
make -k all 
Finished building libraries
21:19:42 **** Auto Build of configuration Debug for project scorebd ****
make all 
Building file: ../src/main.c
Invoking: MicroBlaze gcc compiler
mb-gcc -Wall -O0 -g3 -c -fmessage-length=0 -I../../standalone_bsp_0/microblaze_0/include -mxl-barrel-shift -mxl-pattern-compare -mcpu=v8.50.c -mno-xl-soft-mul -Wl,--no-relax -ffunction-sections -fdata-sections -MMD -MP -MF"src/main.d" -MT"src/main.d" -o "src/main.o" "../src/main.c"
Finished building: ../src/main.c
 
Building target: scorebd.elf
Invoking: MicroBlaze gcc linker
mb-gcc -Wl,-T -Wl,../src/lscript.ld -L../../standalone_bsp_0/microblaze_0/lib -mxl-barrel-shift -mxl-pattern-compare -mcpu=v8.50.c -mno-xl-soft-mul -Wl,--no-relax -Wl,--gc-sections -o "scorebd.elf"  ./src/kbDecode.o ./src/main.o   -Wl,--start-group,-lxil,-lgcc,-lc,--end-group
Finished building target: scorebd.elf
 
Invoking: MicroBlaze Print Size
mb-size scorebd.elf  |tee "scorebd.elf.size"
   text	   data	    bss	    dec	    hex	filename
  24564	   1620	   2488	  28672	   7000	scorebd.elf
Finished building: scorebd.elf.size
 
Invoking: Xilinx ELF Check
elfcheck scorebd.elf -hw ../../scoreboard_hw_platform/system.xml -pe microblaze_0  |tee "scorebd.elf.elfcheck"
elfcheck
Xilinx EDK 14.7 Build EDK_P.20131013
Copyright (c) 1995-2012 Xilinx, Inc.  All rights reserved.

Command Line: elfcheck -hw ../../scoreboard_hw_platform/system.xml -pe
microblaze_0 scorebd.elf 

ELF file	: scorebd.elf
elfcheck passed.
Finished building: scorebd.elf.elfcheck
 
21:19:48 **** Auto Build of project standalone_bsp_0 ****
make -k all 
Finished building libraries
21:20:23 **** Auto Build of configuration Debug for project scorebd ****
make all 
Building file: ../src/main.c
Invoking: MicroBlaze gcc compiler
mb-gcc -Wall -O0 -g3 -c -fmessage-length=0 -I../../standalone_bsp_0/microblaze_0/include -mxl-barrel-shift -mxl-pattern-compare -mcpu=v8.50.c -mno-xl-soft-mul -Wl,--no-relax -ffunction-sections -fdata-sections -MMD -MP -MF"src/main.d" -MT"src/main.d" -o "src/main.o" "../src/main.c"
Finished building: ../src/main.c
 
Building target: scorebd.elf
Invoking: MicroBlaze gcc linker
mb-gcc -Wl,-T -Wl,../src/lscript.ld -L../../standalone_bsp_0/microblaze_0/lib -mxl-barrel-shift -mxl-pattern-compare -mcpu=v8.50.c -mno-xl-soft-mul -Wl,--no-relax -Wl,--gc-sections -o "scorebd.elf"  ./src/kbDecode.o ./src/main.o   -Wl,--start-group,-lxil,-lgcc,-lc,--end-group
Finished building target: scorebd.elf
 
Invoking: MicroBlaze Print Size
mb-size scorebd.elf  |tee "scorebd.elf.size"
   text	   data	    bss	    dec	    hex	filename
  24564	   1620	   2488	  28672	   7000	scorebd.elf
Finished building: scorebd.elf.size
 
Invoking: Xilinx ELF Check
elfcheck scorebd.elf -hw ../../scoreboard_hw_platform/system.xml -pe microblaze_0  |tee "scorebd.elf.elfcheck"
elfcheck
Xilinx EDK 14.7 Build EDK_P.20131013
Copyright (c) 1995-2012 Xilinx, Inc.  All rights reserved.

Command Line: elfcheck -hw ../../scoreboard_hw_platform/system.xml -pe
microblaze_0 scorebd.elf 

ELF file	: scorebd.elf
elfcheck passed.
Finished building: scorebd.elf.elfcheck
 
21:20:29 **** Auto Build of project standalone_bsp_0 ****
make -k all 
Finished building libraries
21:21:47 **** Auto Build of configuration Debug for project scorebd ****
make all 
Building file: ../src/main.c
Invoking: MicroBlaze gcc compiler
mb-gcc -Wall -O0 -g3 -c -fmessage-length=0 -I../../standalone_bsp_0/microblaze_0/include -mxl-barrel-shift -mxl-pattern-compare -mcpu=v8.50.c -mno-xl-soft-mul -Wl,--no-relax -ffunction-sections -fdata-sections -MMD -MP -MF"src/main.d" -MT"src/main.d" -o "src/main.o" "../src/main.c"
Finished building: ../src/main.c
 
Building target: scorebd.elf
Invoking: MicroBlaze gcc linker
mb-gcc -Wl,-T -Wl,../src/lscript.ld -L../../standalone_bsp_0/microblaze_0/lib -mxl-barrel-shift -mxl-pattern-compare -mcpu=v8.50.c -mno-xl-soft-mul -Wl,--no-relax -Wl,--gc-sections -o "scorebd.elf"  ./src/kbDecode.o ./src/main.o   -Wl,--start-group,-lxil,-lgcc,-lc,--end-group
Finished building target: scorebd.elf
 
Invoking: MicroBlaze Print Size
mb-size scorebd.elf  |tee "scorebd.elf.size"
   text	   data	    bss	    dec	    hex	filename
  24564	   1620	   2488	  28672	   7000	scorebd.elf
Finished building: scorebd.elf.size
 
Invoking: Xilinx ELF Check
elfcheck scorebd.elf -hw ../../scoreboard_hw_platform/system.xml -pe microblaze_0  |tee "scorebd.elf.elfcheck"
elfcheck
Xilinx EDK 14.7 Build EDK_P.20131013
Copyright (c) 1995-2012 Xilinx, Inc.  All rights reserved.

Command Line: elfcheck -hw ../../scoreboard_hw_platform/system.xml -pe
microblaze_0 scorebd.elf 

ELF file	: scorebd.elf
elfcheck passed.
Finished building: scorebd.elf.elfcheck
 
21:21:53 **** Auto Build of project standalone_bsp_0 ****
make -k all 
Finished building libraries
21:24:25 **** Auto Build of configuration Debug for project scorebd ****
make all 
Building file: ../src/main.c
Invoking: MicroBlaze gcc compiler
mb-gcc -Wall -O0 -g3 -c -fmessage-length=0 -I../../standalone_bsp_0/microblaze_0/include -mxl-barrel-shift -mxl-pattern-compare -mcpu=v8.50.c -mno-xl-soft-mul -Wl,--no-relax -ffunction-sections -fdata-sections -MMD -MP -MF"src/main.d" -MT"src/main.d" -o "src/main.o" "../src/main.c"
Finished building: ../src/main.c
 
Building target: scorebd.elf
Invoking: MicroBlaze gcc linker
mb-gcc -Wl,-T -Wl,../src/lscript.ld -L../../standalone_bsp_0/microblaze_0/lib -mxl-barrel-shift -mxl-pattern-compare -mcpu=v8.50.c -mno-xl-soft-mul -Wl,--no-relax -Wl,--gc-sections -o "scorebd.elf"  ./src/kbDecode.o ./src/main.o   -Wl,--start-group,-lxil,-lgcc,-lc,--end-group
Finished building target: scorebd.elf
 
Invoking: MicroBlaze Print Size
mb-size scorebd.elf  |tee "scorebd.elf.size"
   text	   data	    bss	    dec	    hex	filename
  24564	   1620	   2488	  28672	   7000	scorebd.elf
Finished building: scorebd.elf.size
 
Invoking: Xilinx ELF Check
elfcheck scorebd.elf -hw ../../scoreboard_hw_platform/system.xml -pe microblaze_0  |tee "scorebd.elf.elfcheck"
elfcheck
Xilinx EDK 14.7 Build EDK_P.20131013
Copyright (c) 1995-2012 Xilinx, Inc.  All rights reserved.

Command Line: elfcheck -hw ../../scoreboard_hw_platform/system.xml -pe
microblaze_0 scorebd.elf 

ELF file	: scorebd.elf
elfcheck passed.
Finished building: scorebd.elf.elfcheck
 
21:24:31 **** Auto Build of project standalone_bsp_0 ****
make -k all 
Finished building libraries
21:41:26 **** Auto Build of configuration Debug for project scorebd ****
make all 
Building file: ../src/main.c
Invoking: MicroBlaze gcc compiler
mb-gcc -Wall -O0 -g3 -c -fmessage-length=0 -I../../standalone_bsp_0/microblaze_0/include -mxl-barrel-shift -mxl-pattern-compare -mcpu=v8.50.c -mno-xl-soft-mul -Wl,--no-relax -ffunction-sections -fdata-sections -MMD -MP -MF"src/main.d" -MT"src/main.d" -o "src/main.o" "../src/main.c"
Finished building: ../src/main.c
 
Building target: scorebd.elf
Invoking: MicroBlaze gcc linker
mb-gcc -Wl,-T -Wl,../src/lscript.ld -L../../standalone_bsp_0/microblaze_0/lib -mxl-barrel-shift -mxl-pattern-compare -mcpu=v8.50.c -mno-xl-soft-mul -Wl,--no-relax -Wl,--gc-sections -o "scorebd.elf"  ./src/kbDecode.o ./src/main.o   -Wl,--start-group,-lxil,-lgcc,-lc,--end-group
Finished building target: scorebd.elf
 
Invoking: MicroBlaze Print Size
mb-size scorebd.elf  |tee "scorebd.elf.size"
   text	   data	    bss	    dec	    hex	filename
  24564	   1620	   2488	  28672	   7000	scorebd.elf
Finished building: scorebd.elf.size
 
Invoking: Xilinx ELF Check
elfcheck scorebd.elf -hw ../../scoreboard_hw_platform/system.xml -pe microblaze_0  |tee "scorebd.elf.elfcheck"
elfcheck
Xilinx EDK 14.7 Build EDK_P.20131013
Copyright (c) 1995-2012 Xilinx, Inc.  All rights reserved.

Command Line: elfcheck -hw ../../scoreboard_hw_platform/system.xml -pe
microblaze_0 scorebd.elf 

ELF file	: scorebd.elf
elfcheck passed.
Finished building: scorebd.elf.elfcheck
 
21:41:32 **** Auto Build of project standalone_bsp_0 ****
make -k all 
Finished building libraries
21:43:52 **** Auto Build of configuration Debug for project scorebd ****
make all 
Building target: scorebd.elf
Invoking: MicroBlaze gcc linker
mb-gcc -Wl,-T -Wl,../src/lscript.ld -L../../standalone_bsp_0/microblaze_0/lib -mxl-barrel-shift -mxl-pattern-compare -mcpu=v8.50.c -mno-xl-soft-mul -Wl,--no-relax -Wl,--gc-sections -o "scorebd.elf"  ./src/kbDecode.o ./src/main.o   -Wl,--start-group,-lxil,-lgcc,-lc,--end-group
Finished building target: scorebd.elf
 
Invoking: MicroBlaze Print Size
mb-size scorebd.elf  |tee "scorebd.elf.size"
   text	   data	    bss	    dec	    hex	filename
  24564	   1620	   2488	  28672	   7000	scorebd.elf
Finished building: scorebd.elf.size
 
Invoking: Xilinx ELF Check
elfcheck scorebd.elf -hw ../../scoreboard_hw_platform/system.xml -pe microblaze_0  |tee "scorebd.elf.elfcheck"
elfcheck
Xilinx EDK 14.7 Build EDK_P.20131013
Copyright (c) 1995-2012 Xilinx, Inc.  All rights reserved.

Command Line: elfcheck -hw ../../scoreboard_hw_platform/system.xml -pe
microblaze_0 scorebd.elf 

ELF file	: scorebd.elf
elfcheck passed.
Finished building: scorebd.elf.elfcheck
 
21:43:57 **** Auto Build of project standalone_bsp_0 ****
make -k all 
Finished building libraries
21:53:13 **** Auto Build of configuration Debug for project scorebd ****
make all 
Building file: ../src/main.c
Invoking: MicroBlaze gcc compiler
mb-gcc -Wall -O0 -g3 -c -fmessage-length=0 -I../../standalone_bsp_0/microblaze_0/include -mxl-barrel-shift -mxl-pattern-compare -mcpu=v8.50.c -mno-xl-soft-mul -Wl,--no-relax -ffunction-sections -fdata-sections -MMD -MP -MF"src/main.d" -MT"src/main.d" -o "src/main.o" "../src/main.c"
../src/main.c: In function 'main':
../src/main.c:996:1: error: expected declaration or statement at end of input
../src/main.c:996:1: warning: control reaches end of non-void function [-Wreturn-type]
make: *** [src/main.o] ´íÎó 1
21:53:14 **** Auto Build of project standalone_bsp_0 ****
make -k all 
Finished building libraries
21:53:50 **** Auto Build of configuration Debug for project scorebd ****
make all 
Building file: ../src/main.c
Invoking: MicroBlaze gcc compiler
mb-gcc -Wall -O0 -g3 -c -fmessage-length=0 -I../../standalone_bsp_0/microblaze_0/include -mxl-barrel-shift -mxl-pattern-compare -mcpu=v8.50.c -mno-xl-soft-mul -Wl,--no-relax -ffunction-sections -fdata-sections -MMD -MP -MF"src/main.d" -MT"src/main.d" -o "src/main.o" "../src/main.c"
Finished building: ../src/main.c
 
Building target: scorebd.elf
Invoking: MicroBlaze gcc linker
mb-gcc -Wl,-T -Wl,../src/lscript.ld -L../../standalone_bsp_0/microblaze_0/lib -mxl-barrel-shift -mxl-pattern-compare -mcpu=v8.50.c -mno-xl-soft-mul -Wl,--no-relax -Wl,--gc-sections -o "scorebd.elf"  ./src/kbDecode.o ./src/main.o   -Wl,--start-group,-lxil,-lgcc,-lc,--end-group
Finished building target: scorebd.elf
 
Invoking: MicroBlaze Print Size
mb-size scorebd.elf  |tee "scorebd.elf.size"
   text	   data	    bss	    dec	    hex	filename
  23552	   1620	   2484	  27656	   6c08	scorebd.elf
Finished building: scorebd.elf.size
 
Invoking: Xilinx ELF Check
elfcheck scorebd.elf -hw ../../scoreboard_hw_platform/system.xml -pe microblaze_0  |tee "scorebd.elf.elfcheck"
elfcheck
Xilinx EDK 14.7 Build EDK_P.20131013
Copyright (c) 1995-2012 Xilinx, Inc.  All rights reserved.

Command Line: elfcheck -hw ../../scoreboard_hw_platform/system.xml -pe
microblaze_0 scorebd.elf 

ELF file	: scorebd.elf
elfcheck passed.
Finished building: scorebd.elf.elfcheck
 
21:53:56 **** Auto Build of project standalone_bsp_0 ****
make -k all 
Finished building libraries
21:54:14 **** Auto Build of configuration Debug for project scorebd ****
make all 
make: Nothing to be done for `all'.
21:54:14 **** Auto Build of project standalone_bsp_0 ****
make -k all 
Finished building libraries
21:54:48 **** Auto Build of configuration Debug for project scorebd ****
make all 
Building file: ../src/main.c
Invoking: MicroBlaze gcc compiler
mb-gcc -Wall -O0 -g3 -c -fmessage-length=0 -I../../standalone_bsp_0/microblaze_0/include -mxl-barrel-shift -mxl-pattern-compare -mcpu=v8.50.c -mno-xl-soft-mul -Wl,--no-relax -ffunction-sections -fdata-sections -MMD -MP -MF"src/main.d" -MT"src/main.d" -o "src/main.o" "../src/main.c"
Finished building: ../src/main.c
 
Building target: scorebd.elf
Invoking: MicroBlaze gcc linker
mb-gcc -Wl,-T -Wl,../src/lscript.ld -L../../standalone_bsp_0/microblaze_0/lib -mxl-barrel-shift -mxl-pattern-compare -mcpu=v8.50.c -mno-xl-soft-mul -Wl,--no-relax -Wl,--gc-sections -o "scorebd.elf"  ./src/kbDecode.o ./src/main.o   -Wl,--start-group,-lxil,-lgcc,-lc,--end-group
Finished building target: scorebd.elf
 
Invoking: MicroBlaze Print Size
mb-size scorebd.elf  |tee "scorebd.elf.size"
   text	   data	    bss	    dec	    hex	filename
  22968	   1620	   2484	  27072	   69c0	scorebd.elf
Finished building: scorebd.elf.size
 
Invoking: Xilinx ELF Check
elfcheck scorebd.elf -hw ../../scoreboard_hw_platform/system.xml -pe microblaze_0  |tee "scorebd.elf.elfcheck"
elfcheck
Xilinx EDK 14.7 Build EDK_P.20131013
Copyright (c) 1995-2012 Xilinx, Inc.  All rights reserved.

Command Line: elfcheck -hw ../../scoreboard_hw_platform/system.xml -pe
microblaze_0 scorebd.elf 

ELF file	: scorebd.elf
elfcheck passed.
Finished building: scorebd.elf.elfcheck
 
21:54:54 **** Auto Build of project standalone_bsp_0 ****
make -k all 
Finished building libraries
21:55:06 **** Auto Build of configuration Debug for project scorebd ****
make all 
make: Nothing to be done for `all'.
21:55:06 **** Auto Build of project standalone_bsp_0 ****
make -k all 
Finished building libraries
21:57:02 **** Auto Build of configuration Debug for project scorebd ****
make all 
make: Nothing to be done for `all'.
21:57:03 **** Auto Build of project standalone_bsp_0 ****
make -k all 
Finished building libraries
22:04:55 **** Auto Build of configuration Debug for project scorebd ****
make all 
Building file: ../src/main.c
Invoking: MicroBlaze gcc compiler
mb-gcc -Wall -O0 -g3 -c -fmessage-length=0 -I../../standalone_bsp_0/microblaze_0/include -mxl-barrel-shift -mxl-pattern-compare -mcpu=v8.50.c -mno-xl-soft-mul -Wl,--no-relax -ffunction-sections -fdata-sections -MMD -MP -MF"src/main.d" -MT"src/main.d" -o "src/main.o" "../src/main.c"
Finished building: ../src/main.c
 
Building target: scorebd.elf
Invoking: MicroBlaze gcc linker
mb-gcc -Wl,-T -Wl,../src/lscript.ld -L../../standalone_bsp_0/microblaze_0/lib -mxl-barrel-shift -mxl-pattern-compare -mcpu=v8.50.c -mno-xl-soft-mul -Wl,--no-relax -Wl,--gc-sections -o "scorebd.elf"  ./src/kbDecode.o ./src/main.o   -Wl,--start-group,-lxil,-lgcc,-lc,--end-group
Finished building target: scorebd.elf
 
Invoking: MicroBlaze Print Size
mb-size scorebd.elf  |tee "scorebd.elf.size"
[...]
Invoking: MicroBlaze gcc linker
mb-gcc -Wl,-T -Wl,../src/lscript.ld -L../../standalone_bsp_0/microblaze_0/lib -mxl-barrel-shift -mxl-pattern-compare -mcpu=v8.50.c -mno-xl-soft-mul -Wl,--no-relax -Wl,--gc-sections -o "scorebd.elf"  ./src/kbDecode.o ./src/main.o   -Wl,--start-group,-lxil,-lgcc,-lc,--end-group
Finished building target: scorebd.elf
 
Invoking: MicroBlaze Print Size
mb-size scorebd.elf  |tee "scorebd.elf.size"
   text	   data	    bss	    dec	    hex	filename
  25912	   1648	   2480	  30040	   7558	scorebd.elf
Finished building: scorebd.elf.size
 
Invoking: Xilinx ELF Check
elfcheck scorebd.elf -hw ../../scoreboard_hw_platform/system.xml -pe microblaze_0  |tee "scorebd.elf.elfcheck"
elfcheck
Xilinx EDK 14.7 Build EDK_P.20131013
Copyright (c) 1995-2012 Xilinx, Inc.  All rights reserved.

Command Line: elfcheck -hw ../../scoreboard_hw_platform/system.xml -pe
microblaze_0 scorebd.elf 

ELF file	: scorebd.elf
elfcheck passed.
Finished building: scorebd.elf.elfcheck
 
19:20:31 **** Auto Build of project standalone_bsp_0 ****
make -k all 
Finished building libraries
19:20:42 **** Auto Build of configuration Debug for project scorebd ****
make all 
make: Nothing to be done for `all'.
19:20:42 **** Auto Build of project standalone_bsp_0 ****
make -k all 
Finished building libraries
19:23:32 **** Auto Build of configuration Debug for project scorebd ****
make all 
Building file: ../src/main.c
Invoking: MicroBlaze gcc compiler
mb-gcc -Wall -O0 -g3 -c -fmessage-length=0 -I../../standalone_bsp_0/microblaze_0/include -mxl-barrel-shift -mxl-pattern-compare -mcpu=v8.50.c -mno-xl-soft-mul -Wl,--no-relax -ffunction-sections -fdata-sections -MMD -MP -MF"src/main.d" -MT"src/main.d" -o "src/main.o" "../src/main.c"
Finished building: ../src/main.c
 
Building target: scorebd.elf
Invoking: MicroBlaze gcc linker
mb-gcc -Wl,-T -Wl,../src/lscript.ld -L../../standalone_bsp_0/microblaze_0/lib -mxl-barrel-shift -mxl-pattern-compare -mcpu=v8.50.c -mno-xl-soft-mul -Wl,--no-relax -Wl,--gc-sections -o "scorebd.elf"  ./src/kbDecode.o ./src/main.o   -Wl,--start-group,-lxil,-lgcc,-lc,--end-group
Finished building target: scorebd.elf
 
Invoking: MicroBlaze Print Size
mb-size scorebd.elf  |tee "scorebd.elf.size"
   text	   data	    bss	    dec	    hex	filename
  25916	   1648	   2484	  30048	   7560	scorebd.elf
Finished building: scorebd.elf.size
 
Invoking: Xilinx ELF Check
elfcheck scorebd.elf -hw ../../scoreboard_hw_platform/system.xml -pe microblaze_0  |tee "scorebd.elf.elfcheck"
elfcheck
Xilinx EDK 14.7 Build EDK_P.20131013
Copyright (c) 1995-2012 Xilinx, Inc.  All rights reserved.

Command Line: elfcheck -hw ../../scoreboard_hw_platform/system.xml -pe
microblaze_0 scorebd.elf 

ELF file	: scorebd.elf
elfcheck passed.
Finished building: scorebd.elf.elfcheck
 
19:23:39 **** Auto Build of project standalone_bsp_0 ****
make -k all 
Finished building libraries
19:25:30 **** Auto Build of configuration Debug for project scorebd ****
make all 
Building file: ../src/main.c
Invoking: MicroBlaze gcc compiler
mb-gcc -Wall -O0 -g3 -c -fmessage-length=0 -I../../standalone_bsp_0/microblaze_0/include -mxl-barrel-shift -mxl-pattern-compare -mcpu=v8.50.c -mno-xl-soft-mul -Wl,--no-relax -ffunction-sections -fdata-sections -MMD -MP -MF"src/main.d" -MT"src/main.d" -o "src/main.o" "../src/main.c"
Finished building: ../src/main.c
 
Building target: scorebd.elf
Invoking: MicroBlaze gcc linker
mb-gcc -Wl,-T -Wl,../src/lscript.ld -L../../standalone_bsp_0/microblaze_0/lib -mxl-barrel-shift -mxl-pattern-compare -mcpu=v8.50.c -mno-xl-soft-mul -Wl,--no-relax -Wl,--gc-sections -o "scorebd.elf"  ./src/kbDecode.o ./src/main.o   -Wl,--start-group,-lxil,-lgcc,-lc,--end-group
Finished building target: scorebd.elf
 
Invoking: MicroBlaze Print Size
mb-size scorebd.elf  |tee "scorebd.elf.size"
   text	   data	    bss	    dec	    hex	filename
  25932	   1648	   2484	  30064	   7570	scorebd.elf
Finished building: scorebd.elf.size
 
Invoking: Xilinx ELF Check
elfcheck scorebd.elf -hw ../../scoreboard_hw_platform/system.xml -pe microblaze_0  |tee "scorebd.elf.elfcheck"
elfcheck
Xilinx EDK 14.7 Build EDK_P.20131013
Copyright (c) 1995-2012 Xilinx, Inc.  All rights reserved.

Command Line: elfcheck -hw ../../scoreboard_hw_platform/system.xml -pe
microblaze_0 scorebd.elf 

ELF file	: scorebd.elf
elfcheck passed.
Finished building: scorebd.elf.elfcheck
 
19:25:36 **** Auto Build of project standalone_bsp_0 ****
make -k all 
Finished building libraries
19:25:53 **** Auto Build of configuration Debug for project scorebd ****
make all 
make: Nothing to be done for `all'.
19:25:53 **** Auto Build of project standalone_bsp_0 ****
make -k all 
Finished building libraries
19:37:33 **** Auto Build of configuration Debug for project scorebd ****
make all 
Building file: ../src/main.c
Invoking: MicroBlaze gcc compiler
mb-gcc -Wall -O0 -g3 -c -fmessage-length=0 -I../../standalone_bsp_0/microblaze_0/include -mxl-barrel-shift -mxl-pattern-compare -mcpu=v8.50.c -mno-xl-soft-mul -Wl,--no-relax -ffunction-sections -fdata-sections -MMD -MP -MF"src/main.d" -MT"src/main.d" -o "src/main.o" "../src/main.c"
Finished building: ../src/main.c
 
Building target: scorebd.elf
Invoking: MicroBlaze gcc linker
mb-gcc -Wl,-T -Wl,../src/lscript.ld -L../../standalone_bsp_0/microblaze_0/lib -mxl-barrel-shift -mxl-pattern-compare -mcpu=v8.50.c -mno-xl-soft-mul -Wl,--no-relax -Wl,--gc-sections -o "scorebd.elf"  ./src/kbDecode.o ./src/main.o   -Wl,--start-group,-lxil,-lgcc,-lc,--end-group
Finished building target: scorebd.elf
 
Invoking: MicroBlaze Print Size
mb-size scorebd.elf  |tee "scorebd.elf.size"
   text	   data	    bss	    dec	    hex	filename
  25932	   1648	   2484	  30064	   7570	scorebd.elf
Finished building: scorebd.elf.size
 
Invoking: Xilinx ELF Check
elfcheck scorebd.elf -hw ../../scoreboard_hw_platform/system.xml -pe microblaze_0  |tee "scorebd.elf.elfcheck"
elfcheck
Xilinx EDK 14.7 Build EDK_P.20131013
Copyright (c) 1995-2012 Xilinx, Inc.  All rights reserved.

Command Line: elfcheck -hw ../../scoreboard_hw_platform/system.xml -pe
microblaze_0 scorebd.elf 

ELF file	: scorebd.elf
elfcheck passed.
Finished building: scorebd.elf.elfcheck
 
19:37:39 **** Auto Build of project standalone_bsp_0 ****
make -k all 
Finished building libraries
19:37:53 **** Auto Build of configuration Debug for project scorebd ****
make all 
make: Nothing to be done for `all'.
19:37:53 **** Auto Build of project standalone_bsp_0 ****
make -k all 
Finished building libraries
19:39:15 **** Auto Build of configuration Debug for project scorebd ****
make all 
Building file: ../src/main.c
Invoking: MicroBlaze gcc compiler
mb-gcc -Wall -O0 -g3 -c -fmessage-length=0 -I../../standalone_bsp_0/microblaze_0/include -mxl-barrel-shift -mxl-pattern-compare -mcpu=v8.50.c -mno-xl-soft-mul -Wl,--no-relax -ffunction-sections -fdata-sections -MMD -MP -MF"src/main.d" -MT"src/main.d" -o "src/main.o" "../src/main.c"
Finished building: ../src/main.c
 
Building target: scorebd.elf
Invoking: MicroBlaze gcc linker
mb-gcc -Wl,-T -Wl,../src/lscript.ld -L../../standalone_bsp_0/microblaze_0/lib -mxl-barrel-shift -mxl-pattern-compare -mcpu=v8.50.c -mno-xl-soft-mul -Wl,--no-relax -Wl,--gc-sections -o "scorebd.elf"  ./src/kbDecode.o ./src/main.o   -Wl,--start-group,-lxil,-lgcc,-lc,--end-group
Finished building target: scorebd.elf
 
Invoking: MicroBlaze Print Size
mb-size scorebd.elf  |tee "scorebd.elf.size"
   text	   data	    bss	    dec	    hex	filename
  25932	   1648	   2484	  30064	   7570	scorebd.elf
Finished building: scorebd.elf.size
 
Invoking: Xilinx ELF Check
elfcheck scorebd.elf -hw ../../scoreboard_hw_platform/system.xml -pe microblaze_0  |tee "scorebd.elf.elfcheck"
elfcheck
Xilinx EDK 14.7 Build EDK_P.20131013
Copyright (c) 1995-2012 Xilinx, Inc.  All rights reserved.

Command Line: elfcheck -hw ../../scoreboard_hw_platform/system.xml -pe
microblaze_0 scorebd.elf 

ELF file	: scorebd.elf
elfcheck passed.
Finished building: scorebd.elf.elfcheck
 
19:39:21 **** Auto Build of project standalone_bsp_0 ****
make -k all 
Finished building libraries
19:39:42 **** Auto Build of configuration Debug for project scorebd ****
make all 
make: Nothing to be done for `all'.
19:39:43 **** Auto Build of project standalone_bsp_0 ****
make -k all 
Finished building libraries
19:44:21 **** Auto Build of configuration Debug for project scorebd ****
make all 
Building file: ../src/main.c
Invoking: MicroBlaze gcc compiler
mb-gcc -Wall -O0 -g3 -c -fmessage-length=0 -I../../standalone_bsp_0/microblaze_0/include -mxl-barrel-shift -mxl-pattern-compare -mcpu=v8.50.c -mno-xl-soft-mul -Wl,--no-relax -ffunction-sections -fdata-sections -MMD -MP -MF"src/main.d" -MT"src/main.d" -o "src/main.o" "../src/main.c"
Finished building: ../src/main.c
 
Building target: scorebd.elf
Invoking: MicroBlaze gcc linker
mb-gcc -Wl,-T -Wl,../src/lscript.ld -L../../standalone_bsp_0/microblaze_0/lib -mxl-barrel-shift -mxl-pattern-compare -mcpu=v8.50.c -mno-xl-soft-mul -Wl,--no-relax -Wl,--gc-sections -o "scorebd.elf"  ./src/kbDecode.o ./src/main.o   -Wl,--start-group,-lxil,-lgcc,-lc,--end-group
Finished building target: scorebd.elf
 
Invoking: MicroBlaze Print Size
mb-size scorebd.elf  |tee "scorebd.elf.size"
   text	   data	    bss	    dec	    hex	filename
  25932	   1648	   2484	  30064	   7570	scorebd.elf
Finished building: scorebd.elf.size
 
Invoking: Xilinx ELF Check
elfcheck scorebd.elf -hw ../../scoreboard_hw_platform/system.xml -pe microblaze_0  |tee "scorebd.elf.elfcheck"
elfcheck
Xilinx EDK 14.7 Build EDK_P.20131013
Copyright (c) 1995-2012 Xilinx, Inc.  All rights reserved.

Command Line: elfcheck -hw ../../scoreboard_hw_platform/system.xml -pe
microblaze_0 scorebd.elf 

ELF file	: scorebd.elf
elfcheck passed.
Finished building: scorebd.elf.elfcheck
 
19:44:28 **** Auto Build of project standalone_bsp_0 ****
make -k all 
Finished building libraries
19:45:03 **** Auto Build of configuration Debug for project scorebd ****
make all 
Building file: ../src/main.c
Invoking: MicroBlaze gcc compiler
mb-gcc -Wall -O0 -g3 -c -fmessage-length=0 -I../../standalone_bsp_0/microblaze_0/include -mxl-barrel-shift -mxl-pattern-compare -mcpu=v8.50.c -mno-xl-soft-mul -Wl,--no-relax -ffunction-sections -fdata-sections -MMD -MP -MF"src/main.d" -MT"src/main.d" -o "src/main.o" "../src/main.c"
../src/main.c: In function 'goStopWatch':
../src/main.c:569:2: error: 'stw_tenthsec' undeclared (first use in this function)
../src/main.c:569:2: note: each undeclared identifier is reported only once for each function it appears in
../src/main.c:573:3: error: 'stw_seconds' undeclared (first use in this function)
../src/main.c:577:4: error: 'stw_minutes' undeclared (first use in this function)
../src/main.c:581:5: error: 'stw_hours' undeclared (first use in this function)
make: *** [src/main.o] ´íÎó 1
19:45:03 **** Auto Build of project standalone_bsp_0 ****
make -k all 
Finished building libraries
19:45:33 **** Auto Build of configuration Debug for project scorebd ****
make all 
Building file: ../src/main.c
Invoking: MicroBlaze gcc compiler
mb-gcc -Wall -O0 -g3 -c -fmessage-length=0 -I../../standalone_bsp_0/microblaze_0/include -mxl-barrel-shift -mxl-pattern-compare -mcpu=v8.50.c -mno-xl-soft-mul -Wl,--no-relax -ffunction-sections -fdata-sections -MMD -MP -MF"src/main.d" -MT"src/main.d" -o "src/main.o" "../src/main.c"
Finished building: ../src/main.c
 
Building target: scorebd.elf
Invoking: MicroBlaze gcc linker
mb-gcc -Wl,-T -Wl,../src/lscript.ld -L../../standalone_bsp_0/microblaze_0/lib -mxl-barrel-shift -mxl-pattern-compare -mcpu=v8.50.c -mno-xl-soft-mul -Wl,--no-relax -Wl,--gc-sections -o "scorebd.elf"  ./src/kbDecode.o ./src/main.o   -Wl,--start-group,-lxil,-lgcc,-lc,--end-group
Finished building target: scorebd.elf
 
Invoking: MicroBlaze Print Size
mb-size scorebd.elf  |tee "scorebd.elf.size"
   text	   data	    bss	    dec	    hex	filename
  25932	   1648	   2444	  30024	   7548	scorebd.elf
Finished building: scorebd.elf.size
 
Invoking: Xilinx ELF Check
elfcheck scorebd.elf -hw ../../scoreboard_hw_platform/system.xml -pe microblaze_0  |tee "scorebd.elf.elfcheck"
elfcheck
Xilinx EDK 14.7 Build EDK_P.20131013
Copyright (c) 1995-2012 Xilinx, Inc.  All rights reserved.

Command Line: elfcheck -hw ../../scoreboard_hw_platform/system.xml -pe
microblaze_0 scorebd.elf 

ELF file	: scorebd.elf
elfcheck passed.
Finished building: scorebd.elf.elfcheck
 
19:45:40 **** Auto Build of project standalone_bsp_0 ****
make -k all 
Finished building libraries
19:47:04 **** Auto Build of configuration Debug for project scorebd ****
make all 
Building file: ../src/main.c
Invoking: MicroBlaze gcc compiler
mb-gcc -Wall -O0 -g3 -c -fmessage-length=0 -I../../standalone_bsp_0/microblaze_0/include -mxl-barrel-shift -mxl-pattern-compare -mcpu=v8.50.c -mno-xl-soft-mul -Wl,--no-relax -ffunction-sections -fdata-sections -MMD -MP -MF"src/main.d" -MT"src/main.d" -o "src/main.o" "../src/main.c"
Finished building: ../src/main.c
 
Building target: scorebd.elf
Invoking: MicroBlaze gcc linker
mb-gcc -Wl,-T -Wl,../src/lscript.ld -L../../standalone_bsp_0/microblaze_0/lib -mxl-barrel-shift -mxl-pattern-compare -mcpu=v8.50.c -mno-xl-soft-mul -Wl,--no-relax -Wl,--gc-sections -o "scorebd.elf"  ./src/kbDecode.o ./src/main.o   -Wl,--start-group,-lxil,-lgcc,-lc,--end-group
Finished building target: scorebd.elf
 
Invoking: MicroBlaze Print Size
mb-size scorebd.elf  |tee "scorebd.elf.size"
   text	   data	    bss	    dec	    hex	filename
  25932	   1648	   2444	  30024	   7548	scorebd.elf
Finished building: scorebd.elf.size
 
Invoking: Xilinx ELF Check
elfcheck scorebd.elf -hw ../../scoreboard_hw_platform/system.xml -pe microblaze_0  |tee "scorebd.elf.elfcheck"
elfcheck
Xilinx EDK 14.7 Build EDK_P.20131013
Copyright (c) 1995-2012 Xilinx, Inc.  All rights reserved.

Command Line: elfcheck -hw ../../scoreboard_hw_platform/system.xml -pe
microblaze_0 scorebd.elf 

ELF file	: scorebd.elf
elfcheck passed.
Finished building: scorebd.elf.elfcheck
 
19:47:10 **** Auto Build of project standalone_bsp_0 ****
make -k all 
Finished building libraries
19:47:36 **** Auto Build of configuration Debug for project scorebd ****
make all 
Building file: ../src/main.c
Invoking: MicroBlaze gcc compiler
mb-gcc -Wall -O0 -g3 -c -fmessage-length=0 -I../../standalone_bsp_0/microblaze_0/include -mxl-barrel-shift -mxl-pattern-compare -mcpu=v8.50.c -mno-xl-soft-mul -Wl,--no-relax -ffunction-sections -fdata-sections -MMD -MP -MF"src/main.d" -MT"src/main.d" -o "src/main.o" "../src/main.c"
Finished building: ../src/main.c
 
Building target: scorebd.elf
Invoking: MicroBlaze gcc linker
mb-gcc -Wl,-T -Wl,../src/lscript.ld -L../../standalone_bsp_0/microblaze_0/lib -mxl-barrel-shift -mxl-pattern-compare -mcpu=v8.50.c -mno-xl-soft-mul -Wl,--no-relax -Wl,--gc-sections -o "scorebd.elf"  ./src/kbDecode.o ./src/main.o   -Wl,--start-group,-lxil,-lgcc,-lc,--end-group
Finished building target: scorebd.elf
 
Invoking: MicroBlaze Print Size
mb-size scorebd.elf  |tee "scorebd.elf.size"
   text	   data	    bss	    dec	    hex	filename
  25932	   1648	   2444	  30024	   7548	scorebd.elf
Finished building: scorebd.elf.size
 
Invoking: Xilinx ELF Check
elfcheck scorebd.elf -hw ../../scoreboard_hw_platform/system.xml -pe microblaze_0  |tee "scorebd.elf.elfcheck"
elfcheck
Xilinx EDK 14.7 Build EDK_P.20131013
Copyright (c) 1995-2012 Xilinx, Inc.  All rights reserved.

Command Line: elfcheck -hw ../../scoreboard_hw_platform/system.xml -pe
microblaze_0 scorebd.elf 

ELF file	: scorebd.elf
elfcheck passed.
Finished building: scorebd.elf.elfcheck
 
19:47:42 **** Auto Build of project standalone_bsp_0 ****
make -k all 
Finished building libraries
19:48:03 **** Auto Build of configuration Debug for project scorebd ****
make all 
Building file: ../src/main.c
Invoking: MicroBlaze gcc compiler
mb-gcc -Wall -O0 -g3 -c -fmessage-length=0 -I../../standalone_bsp_0/microblaze_0/include -mxl-barrel-shift -mxl-pattern-compare -mcpu=v8.50.c -mno-xl-soft-mul -Wl,--no-relax -ffunction-sections -fdata-sections -MMD -MP -MF"src/main.d" -MT"src/main.d" -o "src/main.o" "../src/main.c"
../src/main.c: In function 'main':
../src/main.c:271:8: error: 'set_flag' undeclared (first use in this function)
../src/main.c:271:8: note: each undeclared identifier is reported only once for each function it appears in
../src/main.c:271:27: error: 'SET_CODE' undeclared (first use in this function)
../src/main.c: In function 'decodeKbPress':
../src/main.c:579:4: error: 'set_flag' undeclared (first use in this function)
../src/main.c:580:4: error: 'SET_CODE' undeclared (first use in this function)
../src/main.c: In function 'kb_events':
../src/main.c:640:10: error: 'SET_CODE' undeclared (first use in this function)
make: *** [src/main.o] ´íÎó 1
19:48:04 **** Auto Build of project standalone_bsp_0 ****
make -k all 
Finished building libraries
19:48:41 **** Auto Build of configuration Debug for project scorebd ****
make all 
Building file: ../src/main.c
Invoking: MicroBlaze gcc compiler
mb-gcc -Wall -O0 -g3 -c -fmessage-length=0 -I../../standalone_bsp_0/microblaze_0/include -mxl-barrel-shift -mxl-pattern-compare -mcpu=v8.50.c -mno-xl-soft-mul -Wl,--no-relax -ffunction-sections -fdata-sections -MMD -MP -MF"src/main.d" -MT"src/main.d" -o "src/main.o" "../src/main.c"
Finished building: ../src/main.c
 
Building target: scorebd.elf
Invoking: MicroBlaze gcc linker
mb-gcc -Wl,-T -Wl,../src/lscript.ld -L../../standalone_bsp_0/microblaze_0/lib -mxl-barrel-shift -mxl-pattern-compare -mcpu=v8.50.c -mno-xl-soft-mul -Wl,--no-relax -Wl,--gc-sections -o "scorebd.elf"  ./src/kbDecode.o ./src/main.o   -Wl,--start-group,-lxil,-lgcc,-lc,--end-group
Finished building target: scorebd.elf
 
Invoking: MicroBlaze Print Size
mb-size scorebd.elf  |tee "scorebd.elf.size"
   text	   data	    bss	    dec	    hex	filename
  25932	   1648	   2444	  30024	   7548	scorebd.elf
Finished building: scorebd.elf.size
 
Invoking: Xilinx ELF Check
elfcheck scorebd.elf -hw ../../scoreboard_hw_platform/system.xml -pe microblaze_0  |tee "scorebd.elf.elfcheck"
elfcheck
Xilinx EDK 14.7 Build EDK_P.20131013
Copyright (c) 1995-2012 Xilinx, Inc.  All rights reserved.

Command Line: elfcheck -hw ../../scoreboard_hw_platform/system.xml -pe
microblaze_0 scorebd.elf 

ELF file	: scorebd.elf
elfcheck passed.
Finished building: scorebd.elf.elfcheck
 
19:48:47 **** Auto Build of project standalone_bsp_0 ****
make -k all 
Finished building libraries
19:49:48 **** Auto Build of configuration Debug for project scorebd ****
make all 
Building file: ../src/main.c
Invoking: MicroBlaze gcc compiler
mb-gcc -Wall -O0 -g3 -c -fmessage-length=0 -I../../standalone_bsp_0/microblaze_0/include -mxl-barrel-shift -mxl-pattern-compare -mcpu=v8.50.c -mno-xl-soft-mul -Wl,--no-relax -ffunction-sections -fdata-sections -MMD -MP -MF"src/main.d" -MT"src/main.d" -o "src/main.o" "../src/main.c"
Finished building: ../src/main.c
 
Building target: scorebd.elf
Invoking: MicroBlaze gcc linker
mb-gcc -Wl,-T -Wl,../src/lscript.ld -L../../standalone_bsp_0/microblaze_0/lib -mxl-barrel-shift -mxl-pattern-compare -mcpu=v8.50.c -mno-xl-soft-mul -Wl,--no-relax -Wl,--gc-sections -o "scorebd.elf"  ./src/kbDecode.o ./src/main.o   -Wl,--start-group,-lxil,-lgcc,-lc,--end-group
Finished building target: scorebd.elf
 
Invoking: MicroBlaze Print Size
mb-size scorebd.elf  |tee "scorebd.elf.size"
   text	   data	    bss	    dec	    hex	filename
  25932	   1648	   2444	  30024	   7548	scorebd.elf
Finished building: scorebd.elf.size
 
Invoking: Xilinx ELF Check
elfcheck scorebd.elf -hw ../../scoreboard_hw_platform/system.xml -pe microblaze_0  |tee "scorebd.elf.elfcheck"
elfcheck
Xilinx EDK 14.7 Build EDK_P.20131013
Copyright (c) 1995-2012 Xilinx, Inc.  All rights reserved.

Command Line: elfcheck -hw ../../scoreboard_hw_platform/system.xml -pe
microblaze_0 scorebd.elf 

ELF file	: scorebd.elf
elfcheck passed.
Finished building: scorebd.elf.elfcheck
 
19:49:54 **** Auto Build of project standalone_bsp_0 ****
make -k all 
Finished building libraries
