19:49:48 **** Auto Build of configuration Debug for project scorebd ****
make all 
Building file: ../src/main.c
Invoking: MicroBlaze gcc compiler
mb-gcc -Wall -O0 -g3 -c -fmessage-length=0 -I../../standalone_bsp_0/microblaze_0/include -mxl-barrel-shift -mxl-pattern-compare -mcpu=v8.50.c -mno-xl-soft-mul -Wl,--no-relax -ffunction-sections -fdata-sections -MMD -MP -MF"src/main.d" -MT"src/main.d" -o "src/main.o" "../src/main.c"
Finished building: ../src/main.c
 
Building target: scorebd.elf
Invoking: MicroBlaze gcc linker
mb-gcc -Wl,-T -Wl,../src/lscript.ld -L../../standalone_bsp_0/microblaze_0/lib -mxl-barrel-shift -mxl-pattern-compare -mcpu=v8.50.c -mno-xl-soft-mul -Wl,--no-relax -Wl,--gc-sections -o "scorebd.elf"  ./src/kbDecode.o ./src/main.o   -Wl,--start-group,-lxil,-lgcc,-lc,--end-group
Finished building target: scorebd.elf
 
Invoking: MicroBlaze Print Size
mb-size scorebd.elf  |tee "scorebd.elf.size"
   text	   data	    bss	    dec	    hex	filename
  25932	   1648	   2444	  30024	   7548	scorebd.elf
Finished building: scorebd.elf.size
 
Invoking: Xilinx ELF Check
elfcheck scorebd.elf -hw ../../scoreboard_hw_platform/system.xml -pe microblaze_0  |tee "scorebd.elf.elfcheck"
elfcheck
Xilinx EDK 14.7 Build EDK_P.20131013
Copyright (c) 1995-2012 Xilinx, Inc.  All rights reserved.

Command Line: elfcheck -hw ../../scoreboard_hw_platform/system.xml -pe
microblaze_0 scorebd.elf 

ELF file	: scorebd.elf
elfcheck passed.
Finished building: scorebd.elf.elfcheck
 

19:49:54 Build Finished (took 6s.214ms)

